Archive member included to satisfy reference by file (symbol)

c:/program files (x86)/arm gnu toolchain arm-none-eabi/12.3 rel1/bin/../lib/gcc/arm-none-eabi/12.3.1/thumb/v7e-m+fp/hard\libc.a(libc_a-sprintf.o)
                              bin/display.o (sprintf)
c:/program files (x86)/arm gnu toolchain arm-none-eabi/12.3 rel1/bin/../lib/gcc/arm-none-eabi/12.3.1/thumb/v7e-m+fp/hard\libc.a(libc_a-impure.o)
                              c:/program files (x86)/arm gnu toolchain arm-none-eabi/12.3 rel1/bin/../lib/gcc/arm-none-eabi/12.3.1/thumb/v7e-m+fp/hard\libc.a(libc_a-sprintf.o) (_impure_ptr)
c:/program files (x86)/arm gnu toolchain arm-none-eabi/12.3 rel1/bin/../lib/gcc/arm-none-eabi/12.3.1/thumb/v7e-m+fp/hard\libc.a(libc_a-svfprintf.o)
                              c:/program files (x86)/arm gnu toolchain arm-none-eabi/12.3 rel1/bin/../lib/gcc/arm-none-eabi/12.3.1/thumb/v7e-m+fp/hard\libc.a(libc_a-sprintf.o) (_svfprintf_r)
c:/program files (x86)/arm gnu toolchain arm-none-eabi/12.3 rel1/bin/../lib/gcc/arm-none-eabi/12.3.1/thumb/v7e-m+fp/hard\libc.a(libc_a-findfp.o)
                              c:/program files (x86)/arm gnu toolchain arm-none-eabi/12.3 rel1/bin/../lib/gcc/arm-none-eabi/12.3.1/thumb/v7e-m+fp/hard\libc.a(libc_a-impure.o) (__sf)
c:/program files (x86)/arm gnu toolchain arm-none-eabi/12.3 rel1/bin/../lib/gcc/arm-none-eabi/12.3.1/thumb/v7e-m+fp/hard\libc.a(libc_a-fwalk.o)
                              c:/program files (x86)/arm gnu toolchain arm-none-eabi/12.3 rel1/bin/../lib/gcc/arm-none-eabi/12.3.1/thumb/v7e-m+fp/hard\libc.a(libc_a-findfp.o) (_fwalk_sglue)
c:/program files (x86)/arm gnu toolchain arm-none-eabi/12.3 rel1/bin/../lib/gcc/arm-none-eabi/12.3.1/thumb/v7e-m+fp/hard\libc.a(libc_a-stdio.o)
                              c:/program files (x86)/arm gnu toolchain arm-none-eabi/12.3 rel1/bin/../lib/gcc/arm-none-eabi/12.3.1/thumb/v7e-m+fp/hard\libc.a(libc_a-findfp.o) (__sread)
c:/program files (x86)/arm gnu toolchain arm-none-eabi/12.3 rel1/bin/../lib/gcc/arm-none-eabi/12.3.1/thumb/v7e-m+fp/hard\libc.a(libc_a-memset.o)
                              c:/program files (x86)/arm gnu toolchain arm-none-eabi/12.3 rel1/bin/../lib/gcc/arm-none-eabi/12.3.1/thumb/v7e-m+fp/hard\libc.a(libc_a-svfprintf.o) (memset)
c:/program files (x86)/arm gnu toolchain arm-none-eabi/12.3 rel1/bin/../lib/gcc/arm-none-eabi/12.3.1/thumb/v7e-m+fp/hard\libc.a(libc_a-strncpy.o)
                              c:/program files (x86)/arm gnu toolchain arm-none-eabi/12.3 rel1/bin/../lib/gcc/arm-none-eabi/12.3.1/thumb/v7e-m+fp/hard\libc.a(libc_a-svfprintf.o) (strncpy)
c:/program files (x86)/arm gnu toolchain arm-none-eabi/12.3 rel1/bin/../lib/gcc/arm-none-eabi/12.3.1/thumb/v7e-m+fp/hard\libc.a(libc_a-locale.o)
                              c:/program files (x86)/arm gnu toolchain arm-none-eabi/12.3 rel1/bin/../lib/gcc/arm-none-eabi/12.3.1/thumb/v7e-m+fp/hard\libc.a(libc_a-svfprintf.o) (__global_locale)
c:/program files (x86)/arm gnu toolchain arm-none-eabi/12.3 rel1/bin/../lib/gcc/arm-none-eabi/12.3.1/thumb/v7e-m+fp/hard\libc.a(libc_a-localeconv.o)
                              c:/program files (x86)/arm gnu toolchain arm-none-eabi/12.3 rel1/bin/../lib/gcc/arm-none-eabi/12.3.1/thumb/v7e-m+fp/hard\libc.a(libc_a-svfprintf.o) (_localeconv_r)
c:/program files (x86)/arm gnu toolchain arm-none-eabi/12.3 rel1/bin/../lib/gcc/arm-none-eabi/12.3.1/thumb/v7e-m+fp/hard\libc.a(libc_a-closer.o)
                              c:/program files (x86)/arm gnu toolchain arm-none-eabi/12.3 rel1/bin/../lib/gcc/arm-none-eabi/12.3.1/thumb/v7e-m+fp/hard\libc.a(libc_a-stdio.o) (_close_r)
c:/program files (x86)/arm gnu toolchain arm-none-eabi/12.3 rel1/bin/../lib/gcc/arm-none-eabi/12.3.1/thumb/v7e-m+fp/hard\libc.a(libc_a-reent.o)
                              c:/program files (x86)/arm gnu toolchain arm-none-eabi/12.3 rel1/bin/../lib/gcc/arm-none-eabi/12.3.1/thumb/v7e-m+fp/hard\libc.a(libc_a-closer.o) (errno)
c:/program files (x86)/arm gnu toolchain arm-none-eabi/12.3 rel1/bin/../lib/gcc/arm-none-eabi/12.3.1/thumb/v7e-m+fp/hard\libc.a(libc_a-lseekr.o)
                              c:/program files (x86)/arm gnu toolchain arm-none-eabi/12.3 rel1/bin/../lib/gcc/arm-none-eabi/12.3.1/thumb/v7e-m+fp/hard\libc.a(libc_a-stdio.o) (_lseek_r)
c:/program files (x86)/arm gnu toolchain arm-none-eabi/12.3 rel1/bin/../lib/gcc/arm-none-eabi/12.3.1/thumb/v7e-m+fp/hard\libc.a(libc_a-readr.o)
                              c:/program files (x86)/arm gnu toolchain arm-none-eabi/12.3 rel1/bin/../lib/gcc/arm-none-eabi/12.3.1/thumb/v7e-m+fp/hard\libc.a(libc_a-stdio.o) (_read_r)
c:/program files (x86)/arm gnu toolchain arm-none-eabi/12.3 rel1/bin/../lib/gcc/arm-none-eabi/12.3.1/thumb/v7e-m+fp/hard\libc.a(libc_a-writer.o)
                              c:/program files (x86)/arm gnu toolchain arm-none-eabi/12.3 rel1/bin/../lib/gcc/arm-none-eabi/12.3.1/thumb/v7e-m+fp/hard\libc.a(libc_a-stdio.o) (_write_r)
[...]
Memory Configuration

Name             Origin             Length             Attributes
MCU_MRAM         0x00018000         0x001e8000         xr
MCU_TCM          0x10000000         0x00060000         xrw
SHARED_SRAM      0x10060000         0x00100000         xrw
*default*        0x00000000         0xffffffff

Linker script and memory map


.text           0x00018000    0x10924
                0x00018000                        . = ALIGN (0x4)
 *(.isr_vector)
 .isr_vector    0x00018000      0x190 bin/startup_gcc.o
                0x00018000                g_am_pfnVectors
 *(.patch)
 .patch         0x00018190       0x70 bin/startup_gcc.o
                0x00018190                __Patchable
 *(.text)
 .text          0x00018200       0xa0 c:/program files (x86)/arm gnu toolchain arm-none-eabi/12.3 rel1/bin/../lib/gcc/arm-none-eabi/12.3.1/thumb/v7e-m+fp/hard\libc.a(libc_a-memchr.o)
                0x00018200                memchr
 *fill*         0x000182a0       0x20 
 .text          0x000182c0       0xd8 c:/program files (x86)/arm gnu toolchain arm-none-eabi/12.3 rel1/bin/../lib/gcc/arm-none-eabi/12.3.1/thumb/v7e-m+fp/hard\libc.a(libc_a-strlen.o)
                0x000182c0                strlen
 .text          0x00018398      0x134 c:/program files (x86)/arm gnu toolchain arm-none-eabi/12.3 rel1/bin/../lib/gcc/arm-none-eabi/12.3.1/thumb/v7e-m+fp/hard\libc.a(libc_a-memcpy.o)
                0x00018398                memcpy
 .text          0x000184cc      0x378 c:/program files (x86)/arm gnu toolchain arm-none-eabi/12.3 rel1/bin/../lib/gcc/arm-none-eabi/12.3.1/thumb/v7e-m+fp/hard\libgcc.a(_arm_addsubdf3.o)
                0x000184cc                __aeabi_drsub
                0x000184d4                __aeabi_dsub
                0x000184d4                __subdf3
                0x000184d8                __aeabi_dadd
                0x000184d8                __adddf3
                0x00018750                __floatunsidf
                0x00018750                __aeabi_ui2d
                0x00018770                __floatsidf
                0x00018770                __aeabi_i2d
                0x00018794                __aeabi_f2d
                0x00018794                __extendsfdf2
                0x000187d8                __floatundidf
                0x000187d8                __aeabi_ul2d
                0x000187e8                __floatdidf
                0x000187e8                __aeabi_l2d
 .text          0x00018844      0x424 c:/program files (x86)/arm gnu toolchain arm-none-eabi/12.3 rel1/bin/../lib/gcc/arm-none-eabi/12.3.1/thumb/v7e-m+fp/hard\libgcc.a(_arm_muldivdf3.o)
                0x00018844                __aeabi_dmul
                0x00018844                __muldf3
                0x00018a98                __divdf3
                0x00018a98                __aeabi_ddiv
 .text          0x00018c68      0x110 c:/program files (x86)/arm gnu toolchain arm-none-eabi/12.3 rel1/bin/../lib/gcc/arm-none-eabi/12.3.1/thumb/v7e-m+fp/hard\libgcc.a(_arm_cmpdf2.o)
                0x00018c68                __gtdf2
                0x00018c68                __gedf2
                0x00018c70                __ltdf2
                0x00018c70                __ledf2
                0x00018c78                __nedf2
                0x00018c78                __eqdf2
                0x00018c78                __cmpdf2
                0x00018cf4                __aeabi_cdrcmple
                0x00018d04                __aeabi_cdcmpeq
                0x00018d04                __aeabi_cdcmple
                0x00018d14                __aeabi_dcmpeq
                0x00018d28                __aeabi_dcmplt
                0x00018d3c                __aeabi_dcmple
                0x00018d50                __aeabi_dcmpge
                0x00018d64                __aeabi_dcmpgt
 .text          0x00018d78       0x2c c:/program files (x86)/arm gnu toolchain arm-none-eabi/12.3 rel1/bin/../lib/gcc/arm-none-eabi/12.3.1/thumb/v7e-m+fp/hard\libgcc.a(_arm_unorddf2.o)
                0x00018d78                __unorddf2
                0x00018d78                __aeabi_dcmpun
 .text          0x00018da4       0x50 c:/program files (x86)/arm gnu toolchain arm-none-eabi/12.3 rel1/bin/../lib/gcc/arm-none-eabi/12.3.1/thumb/v7e-m+fp/hard\libgcc.a(_arm_fixdfsi.o)
                0x00018da4                __aeabi_d2iz
                0x00018da4                __fixdfsi
 .text          0x00018df4       0xa0 c:/program files (x86)/arm gnu toolchain arm-none-eabi/12.3 rel1/bin/../lib/gcc/arm-none-eabi/12.3.1/thumb/v7e-m+fp/hard\libgcc.a(_arm_truncdfsf2.o)
                0x00018df4                __truncdfsf2
                0x00018df4                __aeabi_d2f
 *(.text*)
 .text.pinMode  0x00018e94       0x5c bin/gpios.o
                0x00018e94                pinMode
 .text.digitalWrite
                0x00018ef0       0x2e bin/gpios.o
                0x00018ef0                digitalWrite
 .text.digitalRead
                0x00018f1e       0x2e bin/gpios.o
                0x00018f1e                digitalRead
 .text.am_devices_mspi_rm69330_command_write
                0x00018f4c       0xfc bin/mspi_raydium.o
                0x00018f4c                am_devices_mspi_rm69330_command_write
 .text.am_devices_mspi_rm69330_command_read
                0x00019048      0x118 bin/mspi_raydium.o
                0x00019048                am_devices_mspi_rm69330_command_read
 .text.am_devices_mspi_rm69330_set_scanline
                0x00019160       0x52 bin/mspi_raydium.o
                0x00019160                am_devices_mspi_rm69330_set_scanline
 *fill*         0x000191b2        0x2 
 .text.am_devices_mspi_rm69330_set_scanline_recommended_parameter
                0x000191b4       0x90 bin/mspi_raydium.o
                0x000191b4                am_devices_mspi_rm69330_set_scanline_recommended_parameter
 .text.am_devices_mspi_rm69330_init
                0x00019244      0x2e4 bin/mspi_raydium.o
                0x00019244                am_devices_mspi_rm69330_init
 .text.am_devices_mspi_rm69330_display_on
                0x00019528       0x3c bin/mspi_raydium.o
                0x00019528                am_devices_mspi_rm69330_display_on
 .text.am_devices_mspi_rm69330_nonblocking_write_endian
                0x00019564      0x132 bin/mspi_raydium.o
                0x00019564                am_devices_mspi_rm69330_nonblocking_write_endian
 .text.am_devices_mspi_rm69330_read_id
                0x00019696       0x28 bin/mspi_raydium.o
                0x00019696                am_devices_mspi_rm69330_read_id
 *fill*         0x000196be        0x2 
 .text.am_devices_mspi_rm69330_set_transfer_window
                0x000196c0      0x11c bin/mspi_raydium.o
                0x000196c0                am_devices_mspi_rm69330_set_transfer_window
 .text.am_devices_rm69330_set_parameters
                0x000197dc       0x5c bin/mspi_raydium.o
                0x000197dc                am_devices_rm69330_set_parameters
 .text.__NVIC_EnableIRQ
                0x00019838       0x34 bin/display.o
 .text.__NVIC_SetPriority
                0x0001986c       0x50 bin/display.o
 .text.setColor
                0x000198bc       0x68 bin/display.o
                0x000198bc                setColor
 .text.displayRect
                0x00019924       0x54 bin/display.o
                0x00019924                displayRect
 .text.drawChar
                0x00019978      0x280 bin/display.o
                0x00019978                drawChar
 .text.my_strlen
                0x00019bf8       0x24 bin/display.o
                0x00019bf8                my_strlen
 .text.displayPrintln
                0x00019c1c       0xbc bin/display.o
                0x00019c1c                displayPrintln
 .text.display_transfer_complete
                0x00019cd8       0x4c bin/display.o
 .text.am_devices_display_launch_transfer
                0x00019d24       0xcc bin/display.o
 .text.am_devices_display_set_scanline_recommended_parameter
                0x00019df0       0x28 bin/display.o
                0x00019df0                am_devices_display_set_scanline_recommended_parameter
 .text.am_devices_display_te_handler
                0x00019e18       0x28 bin/display.o
 .text.am_bsp_disp_pins_enable1
                0x00019e40       0x68 bin/display.o
                0x00019e40                am_bsp_disp_pins_enable1
 .text.am_bsp_disp_pins_disable1
                0x00019ea8       0x50 bin/display.o
                0x00019ea8                am_bsp_disp_pins_disable1
 .text.am_devices_display_init
                0x00019ef8      0x1e0 bin/display.o
                0x00019ef8                am_devices_display_init
 .text.send_mode7
                0x0001a0d8      0x27c bin/display.o
                0x0001a0d8                send_mode7
 .text.send_mode4
                0x0001a354      0x254 bin/display.o
                0x0001a354                send_mode4
 .text.send_mode5
                0x0001a5a8      0x150 bin/display.o
                0x0001a5a8                send_mode5
 .text.send_mode6
                0x0001a6f8      0x218 bin/display.o
                0x0001a6f8                send_mode6
 .text.getDisplayMode
                0x0001a910       0x90 bin/display.o
                0x0001a910                getDisplayMode
 .text.display_pins_enable
                0x0001a9a0       0x80 bin/display.o
                0x0001a9a0                display_pins_enable
 .text.setBrightness
                0x0001aa20       0x2c bin/display.o
                0x0001aa20                setBrightness
 .text.am_devices_display_transfer_frame_inter
                0x0001aa4c       0x10 bin/display.o
 .text.am_devices_display_transfer_frame
                0x0001aa5c       0x68 bin/display.o
                0x0001aa5c                am_devices_display_transfer_frame
 .text.set_xy_here
                0x0001aac4       0xbc bin/display.o
                0x0001aac4                set_xy_here
 .text.set_light_here
                0x0001ab80       0xf0 bin/display.o
                0x0001ab80                set_light_here
 .text.display_buffset
                0x0001ac70       0x64 bin/display.o
                0x0001ac70                display_buffset
 .text.init_display
                0x0001acd4      0x118 bin/display.o
                0x0001acd4                init_display
 .text.am_mspi1_isr
                0x0001adec       0x3c bin/display.o
                0x0001adec                am_mspi1_isr
 .text.am_gpio0_203f_isr
                0x0001ae28       0x2c bin/display.o
                0x0001ae28                am_gpio0_203f_isr
 .text.touch_transceive
                0x0001ae54       0xc8 bin/touch.o
                0x0001ae54                touch_transceive
 .text.touch_init
                0x0001af1c       0xf4 bin/touch.o
                0x0001af1c                touch_init
 .text.lightSens_transmit
                0x0001b010       0x88 bin/light_sensor.o
                0x0001b010                lightSens_transmit
 .text.lightSens_transceive
                0x0001b098       0xc8 bin/light_sensor.o
                0x0001b098                lightSens_transceive
 .text.lightSens_init
                0x0001b160      0x1c0 bin/light_sensor.o
                0x0001b160                lightSens_init
 .text.spiSend  0x0001b320       0x90 bin/accl.o
                0x0001b320                spiSend
 .text.accl_transceive
                0x0001b3b0       0x76 bin/accl.o
                0x0001b3b0                accl_transceive
 *fill*         0x0001b426        0x2 
 .text.accl_init
                0x0001b428      0x130 bin/accl.o
                0x0001b428                accl_init
 .text.__NVIC_EnableIRQ
                0x0001b558       0x34 bin/uart_output.o
 .text.__NVIC_SetPriority
                0x0001b58c       0x50 bin/uart_output.o
 .text.am_uart_isr
                0x0001b5dc       0x3c bin/uart_output.o
                0x0001b5dc                am_uart_isr
 .text.uart_print
                0x0001b618       0x6c bin/uart_output.o
                0x0001b618                uart_print
 .text.uart_init
                0x0001b684       0x68 bin/uart_output.o
                0x0001b684                uart_init
 .text.uart_flush
                0x0001b6ec       0x14 bin/uart_output.o
                0x0001b6ec                uart_flush
 .text.color565
                0x0001b700       0x4e bin/hello_world_uart.o
                0x0001b700                color565
 *fill*         0x0001b74e        0x2 
 .text.main     0x0001b750      0x1e0 bin/hello_world_uart.o
                0x0001b750                main
 .text.am_util_delay_ms
                0x0001b930       0x1e bin/am_util_delay.o
                0x0001b930                am_util_delay_ms
 .text.am_util_delay_us
                0x0001b94e       0x14 bin/am_util_delay.o
                0x0001b94e                am_util_delay_us
 *fill*         0x0001b962        0x2 
 .text.HardFault_Handler
                0x0001b964       0x28 bin/am_util_faultisr.o
                0x0001b964                HardFault_Handler
 .text.getStackedReg
                0x0001b98c        0xc bin/am_util_faultisr.o
                0x0001b98c                getStackedReg
 .text.am_util_faultisr_collect_data
                0x0001b998       0xec bin/am_util_faultisr.o
                0x0001b998                am_util_faultisr_collect_data
 .text.am_valid_sp
                0x0001ba84       0x2c bin/am_util_faultisr.o
                0x0001ba84                am_valid_sp
 .text.am_util_stdio_printf_init
                0x0001bab0       0x14 bin/am_util_stdio.o
                0x0001bab0                am_util_stdio_printf_init
 .text.divu64_10
                0x0001bac4      0x1e8 bin/am_util_stdio.o
 .text.ndigits_in_u64
                0x0001bcac       0x40 bin/am_util_stdio.o
 .text.ndigits_in_i64
                0x0001bcec       0x34 bin/am_util_stdio.o
 .text.ndigits_in_hex
                0x0001bd20       0x48 bin/am_util_stdio.o
 .text.decstr_to_int
                0x0001bd68       0x88 bin/am_util_stdio.o
 .text.uint64_to_str
                0x0001bdf0       0x8a bin/am_util_stdio.o
 .text.uint64_to_hexstr
                0x0001be7a       0xc0 bin/am_util_stdio.o
 .text.simple_strlen
                0x0001bf3a       0x2c bin/am_util_stdio.o
 .text.padbuffer
                0x0001bf66       0x44 bin/am_util_stdio.o
 *fill*         0x0001bfaa        0x2 
 .text.ftoa     0x0001bfac      0x1fc bin/am_util_stdio.o
 .text.am_util_stdio_vsprintf
                0x0001c1a8      0x618 bin/am_util_stdio.o
                0x0001c1a8                am_util_stdio_vsprintf
 .text.am_util_stdio_printf
                0x0001c7c0       0x40 bin/am_util_stdio.o
                0x0001c7c0                am_util_stdio_printf
 .text.Reset_Handler
                0x0001c800       0x68 bin/startup_gcc.o
                0x0001c800                Reset_Handler
 .text.NMI_Handler
                0x0001c868        0x4 bin/startup_gcc.o
                0x0001c868                NMI_Handler
 .text.HardFault_Handler
                0x0001c86c        0x4 bin/startup_gcc.o
                0x0001c86c                MemManage_Handler
                0x0001c86c                BusFault_Handler
                0x0001c86c                UsageFault_Handler
 .text.am_default_isr
                0x0001c870        0x4 bin/startup_gcc.o
                0x0001c870                am_timer08_isr
                0x0001c870                DebugMon_Handler
                0x0001c870                am_iomaster4_isr
                0x0001c870                am_gpio1_203f_isr
                0x0001c870                am_timer00_isr
                0x0001c870                am_dspi2s1_isr
                0x0001c870                SysTick_Handler
                0x0001c870                PendSV_Handler
                0x0001c870                am_rtc_isr
                0x0001c870                am_stimer_cmpr3_isr
                0x0001c870                am_adc_isr
                0x0001c870                am_dspi2s3_isr
                0x0001c870                am_iomaster3_isr
                0x0001c870                am_clkgen_isr
                0x0001c870                am_stimerof_isr
                0x0001c870                am_timer14_isr
                0x0001c870                am_gpio0_001f_isr
                0x0001c870                am_pdm3_isr
                0x0001c870                am_cachecpu_isr
                0x0001c870                am_dspi2s0_isr
                0x0001c870                am_stimer_cmpr5_isr
                0x0001c870                am_iomaster5_isr
                0x0001c870                am_pdm0_isr
                0x0001c870                am_ctimer_isr
                0x0001c870                am_gpio0_607f_isr
                0x0001c870                am_gpio1_607f_isr
                0x0001c870                am_dsi_isr
                0x0001c870                am_timer01_isr
                0x0001c870                am_disp_isr
                0x0001c870                am_audadc0_isr
                0x0001c870                am_pdm1_isr
                0x0001c870                am_ioslave_acc_isr
                0x0001c870                am_mspi0_isr
                0x0001c870                am_timer10_isr
                0x0001c870                am_timer05_isr
                0x0001c870                am_usb_isr
                0x0001c870                am_stimer_cmpr6_isr
                0x0001c870                am_gpio1_405f_isr
                0x0001c870                am_iomaster7_isr
                0x0001c870                am_iomaster1_isr
                0x0001c870                am_timer06_isr
                0x0001c870                am_timer03_isr
                0x0001c870                am_brownout_isr
                0x0001c870                am_timer13_isr
                0x0001c870                am_vcomp_isr
                0x0001c870                am_stimer_cmpr1_isr
                0x0001c870                am_timer07_isr
                0x0001c870                am_cryptosec_isr
                0x0001c870                am_uart2_isr
                0x0001c870                am_iomaster2_isr
                0x0001c870                am_mspi2_isr
                0x0001c870                SVC_Handler
                0x0001c870                am_iomaster6_isr
                0x0001c870                am_timer11_isr
                0x0001c870                am_stimer_cmpr2_isr
                0x0001c870                am_ioslave_ios_isr
                0x0001c870                am_gpio0_405f_isr
                0x0001c870                am_timer15_isr
                0x0001c870                am_gpio1_001f_isr
                0x0001c870                am_uart1_isr
                0x0001c870                am_stimer_cmpr7_isr
                0x0001c870                am_dspi2s2_isr
                0x0001c870                am_uart3_isr
                0x0001c870                am_watchdog_isr
                0x0001c870                am_stimer_cmpr0_isr
                0x0001c870                am_timer12_isr
                0x0001c870                am_sdio_isr
                0x0001c870                am_iomaster0_isr
                0x0001c870                am_timer04_isr
                0x0001c870                am_timer09_isr
                0x0001c870                am_stimer_cmpr4_isr
                0x0001c870                am_default_isr
                0x0001c870                am_pdm2_isr
                0x0001c870                am_gpu_isr
                0x0001c870                am_timer02_isr
 .text.sprintf  0x0001c874       0x40 c:/program files (x86)/arm gnu toolchain arm-none-eabi/12.3 rel1/bin/../lib/gcc/arm-none-eabi/12.3.1/thumb/v7e-m+fp/hard\libc.a(libc_a-sprintf.o)
                0x0001c874                sprintf
 *fill*         0x0001c8b4        0x4 
 .text._svfprintf_r
                0x0001c8b8     0x1bc0 c:/program files (x86)/arm gnu toolchain arm-none-eabi/12.3 rel1/bin/../lib/gcc/arm-none-eabi/12.3.1/thumb/v7e-m+fp/hard\libc.a(libc_a-svfprintf.o)
                0x0001c8b8                _svfprintf_r
 .text.stdio_exit_handler
                0x0001e478       0x18 c:/program files (x86)/arm gnu toolchain arm-none-eabi/12.3 rel1/bin/../lib/gcc/arm-none-eabi/12.3.1/thumb/v7e-m+fp/hard\libc.a(libc_a-findfp.o)
 .text.cleanup_stdio
                0x0001e490       0x40 c:/program files (x86)/arm gnu toolchain arm-none-eabi/12.3 rel1/bin/../lib/gcc/arm-none-eabi/12.3.1/thumb/v7e-m+fp/hard\libc.a(libc_a-findfp.o)
 .text.global_stdio_init.part.0
                0x0001e4d0       0xf0 c:/program files (x86)/arm gnu toolchain arm-none-eabi/12.3 rel1/bin/../lib/gcc/arm-none-eabi/12.3.1/thumb/v7e-m+fp/hard\libc.a(libc_a-findfp.o)
 .text.__sinit  0x0001e5c0       0x3c c:/program files (x86)/arm gnu toolchain arm-none-eabi/12.3 rel1/bin/../lib/gcc/arm-none-eabi/12.3.1/thumb/v7e-m+fp/hard\libc.a(libc_a-findfp.o)
                0x0001e5c0                __sinit
 .text.__sfp_lock_acquire
                0x0001e5fc        0xc c:/program files (x86)/arm gnu toolchain arm-none-eabi/12.3 rel1/bin/../lib/gcc/arm-none-eabi/12.3.1/thumb/v7e-m+fp/hard\libc.a(libc_a-findfp.o)
                0x0001e5fc                __sfp_lock_acquire
 .text.__sfp_lock_release
                0x0001e608        0xc c:/program files (x86)/arm gnu toolchain arm-none-eabi/12.3 rel1/bin/../lib/gcc/arm-none-eabi/12.3.1/thumb/v7e-m+fp/hard\libc.a(libc_a-findfp.o)
                0x0001e608                __sfp_lock_release
 .text._fwalk_sglue
                0x0001e614       0x48 c:/program files (x86)/arm gnu toolchain arm-none-eabi/12.3 rel1/bin/../lib/gcc/arm-none-eabi/12.3.1/thumb/v7e-m+fp/hard\libc.a(libc_a-fwalk.o)
                0x0001e614                _fwalk_sglue
 .text.__sread  0x0001e65c       0x24 c:/program files (x86)/arm gnu toolchain arm-none-eabi/12.3 rel1/bin/../lib/gcc/arm-none-eabi/12.3.1/thumb/v7e-m+fp/hard\libc.a(libc_a-stdio.o)
                0x0001e65c                __sread
 .text.__swrite
                0x0001e680       0x40 c:/program files (x86)/arm gnu toolchain arm-none-eabi/12.3 rel1/bin/../lib/gcc/arm-none-eabi/12.3.1/thumb/v7e-m+fp/hard\libc.a(libc_a-stdio.o)
                0x0001e680                __swrite
 .text.__sseek  0x0001e6c0       0x24 c:/program files (x86)/arm gnu toolchain arm-none-eabi/12.3 rel1/bin/../lib/gcc/arm-none-eabi/12.3.1/thumb/v7e-m+fp/hard\libc.a(libc_a-stdio.o)
                0x0001e6c0                __sseek
 .text.__sclose
                0x0001e6e4        0x8 c:/program files (x86)/arm gnu toolchain arm-none-eabi/12.3 rel1/bin/../lib/gcc/arm-none-eabi/12.3.1/thumb/v7e-m+fp/hard\libc.a(libc_a-stdio.o)
                0x0001e6e4                __sclose
 .text.memset   0x0001e6ec       0xa4 c:/program files (x86)/arm gnu toolchain arm-none-eabi/12.3 rel1/bin/../lib/gcc/arm-none-eabi/12.3.1/thumb/v7e-m+fp/hard\libc.a(libc_a-memset.o)
                0x0001e6ec                memset
 .text.strncpy  0x0001e790       0x68 c:/program files (x86)/arm gnu toolchain arm-none-eabi/12.3 rel1/bin/../lib/gcc/arm-none-eabi/12.3.1/thumb/v7e-m+fp/hard\libc.a(libc_a-strncpy.o)
                0x0001e790                strncpy
 .text.__locale_mb_cur_max
                0x0001e7f8        0xc c:/program files (x86)/arm gnu toolchain arm-none-eabi/12.3 rel1/bin/../lib/gcc/arm-none-eabi/12.3.1/thumb/v7e-m+fp/hard\libc.a(libc_a-locale.o)
                0x0001e7f8                __locale_mb_cur_max
 .text._localeconv_r
                0x0001e804        0x8 c:/program files (x86)/arm gnu toolchain arm-none-eabi/12.3 rel1/bin/../lib/gcc/arm-none-eabi/12.3.1/thumb/v7e-m+fp/hard\libc.a(libc_a-localeconv.o)
                0x0001e804                _localeconv_r
 .text._close_r
                0x0001e80c       0x24 c:/program files (x86)/arm gnu toolchain arm-none-eabi/12.3 rel1/bin/../lib/gcc/arm-none-eabi/12.3.1/thumb/v7e-m+fp/hard\libc.a(libc_a-closer.o)
                0x0001e80c                _close_r
 .text._lseek_r
                0x0001e830       0x2c c:/program files (x86)/arm gnu toolchain arm-none-eabi/12.3 rel1/bin/../lib/gcc/arm-none-eabi/12.3.1/thumb/v7e-m+fp/hard\libc.a(libc_a-lseekr.o)
                0x0001e830                _lseek_r
 .text._read_r  0x0001e85c       0x2c c:/program files (x86)/arm gnu toolchain arm-none-eabi/12.3 rel1/bin/../lib/gcc/arm-none-eabi/12.3.1/thumb/v7e-m+fp/hard\libc.a(libc_a-readr.o)
                0x0001e85c                _read_r
 .text._write_r
                0x0001e888       0x2c c:/program files (x86)/arm gnu toolchain arm-none-eabi/12.3 rel1/bin/../lib/gcc/arm-none-eabi/12.3.1/thumb/v7e-m+fp/hard\libc.a(libc_a-writer.o)
                0x0001e888                _write_r
 .text.__retarget_lock_init_recursive
                0x0001e8b4        0x4 c:/program files (x86)/arm gnu toolchain arm-none-eabi/12.3 rel1/bin/../lib/gcc/arm-none-eabi/12.3.1/thumb/v7e-m+fp/hard\libc.a(libc_a-lock.o)
                0x0001e8b4                __retarget_lock_init_recursive
 .text.__retarget_lock_close_recursive
                0x0001e8b8        0x4 c:/program files (x86)/arm gnu toolchain arm-none-eabi/12.3 rel1/bin/../lib/gcc/arm-none-eabi/12.3.1/thumb/v7e-m+fp/hard\libc.a(libc_a-lock.o)
                0x0001e8b8                __retarget_lock_close_recursive
 .text.__retarget_lock_acquire_recursive
                0x0001e8bc        0x4 c:/program files (x86)/arm gnu toolchain arm-none-eabi/12.3 rel1/bin/../lib/gcc/arm-none-eabi/12.3.1/thumb/v7e-m+fp/hard\libc.a(libc_a-lock.o)
                0x0001e8bc                __retarget_lock_acquire_recursive
 .text.__retarget_lock_release_recursive
                0x0001e8c0        0x4 c:/program files (x86)/arm gnu toolchain arm-none-eabi/12.3 rel1/bin/../lib/gcc/arm-none-eabi/12.3.1/thumb/v7e-m+fp/hard\libc.a(libc_a-lock.o)
                0x0001e8c0                __retarget_lock_release_recursive
 .text.frexp    0x0001e8c4       0x68 c:/program files (x86)/arm gnu toolchain arm-none-eabi/12.3 rel1/bin/../lib/gcc/arm-none-eabi/12.3.1/thumb/v7e-m+fp/hard\libc.a(libm_a-s_frexp.o)
                0x0001e8c4                frexp
 .text.quorem   0x0001e92c      0x12c c:/program files (x86)/arm gnu toolchain arm-none-eabi/12.3 rel1/bin/../lib/gcc/arm-none-eabi/12.3.1/thumb/v7e-m+fp/hard\libc.a(libc_a-dtoa.o)
 .text._dtoa_r  0x0001ea58      0xe4c c:/program files (x86)/arm gnu toolchain arm-none-eabi/12.3 rel1/bin/../lib/gcc/arm-none-eabi/12.3.1/thumb/v7e-m+fp/hard\libc.a(libc_a-dtoa.o)
                0x0001ea58                _dtoa_r
 .text._malloc_trim_r
                0x0001f8a4       0xb8 c:/program files (x86)/arm gnu toolchain arm-none-eabi/12.3 rel1/bin/../lib/gcc/arm-none-eabi/12.3.1/thumb/v7e-m+fp/hard\libc.a(libc_a-freer.o)
                0x0001f8a4                _malloc_trim_r
 .text._free_r  0x0001f95c      0x1fc c:/program files (x86)/arm gnu toolchain arm-none-eabi/12.3 rel1/bin/../lib/gcc/arm-none-eabi/12.3.1/thumb/v7e-m+fp/hard\libc.a(libc_a-freer.o)
                0x0001f95c                _free_r
 .text._malloc_r
                0x0001fb58      0x574 c:/program files (x86)/arm gnu toolchain arm-none-eabi/12.3 rel1/bin/../lib/gcc/arm-none-eabi/12.3.1/thumb/v7e-m+fp/hard\libc.a(libc_a-mallocr.o)
                0x0001fb58                _malloc_r
 .text.__ascii_mbtowc
                0x000200cc       0x2c c:/program files (x86)/arm gnu toolchain arm-none-eabi/12.3 rel1/bin/../lib/gcc/arm-none-eabi/12.3.1/thumb/v7e-m+fp/hard\libc.a(libc_a-mbtowc_r.o)
                0x000200cc                __ascii_mbtowc
 .text.__malloc_lock
                0x000200f8        0xc c:/program files (x86)/arm gnu toolchain arm-none-eabi/12.3 rel1/bin/../lib/gcc/arm-none-eabi/12.3.1/thumb/v7e-m+fp/hard\libc.a(libc_a-mlock.o)
                0x000200f8                __malloc_lock
 .text.__malloc_unlock
                0x00020104        0xc c:/program files (x86)/arm gnu toolchain arm-none-eabi/12.3 rel1/bin/../lib/gcc/arm-none-eabi/12.3.1/thumb/v7e-m+fp/hard\libc.a(libc_a-mlock.o)
                0x00020104                __malloc_unlock
 .text._Balloc  0x00020110       0x4c c:/program files (x86)/arm gnu toolchain arm-none-eabi/12.3 rel1/bin/../lib/gcc/arm-none-eabi/12.3.1/thumb/v7e-m+fp/hard\libc.a(libc_a-mprec.o)
                0x00020110                _Balloc
 .text._Bfree   0x0002015c       0x14 c:/program files (x86)/arm gnu toolchain arm-none-eabi/12.3 rel1/bin/../lib/gcc/arm-none-eabi/12.3.1/thumb/v7e-m+fp/hard\libc.a(libc_a-mprec.o)
                0x0002015c                _Bfree
 .text.__multadd
                0x00020170       0xa0 c:/program files (x86)/arm gnu toolchain arm-none-eabi/12.3 rel1/bin/../lib/gcc/arm-none-eabi/12.3.1/thumb/v7e-m+fp/hard\libc.a(libc_a-mprec.o)
                0x00020170                __multadd
 .text.__hi0bits
                0x00020210       0x44 c:/program files (x86)/arm gnu toolchain arm-none-eabi/12.3 rel1/bin/../lib/gcc/arm-none-eabi/12.3.1/thumb/v7e-m+fp/hard\libc.a(libc_a-mprec.o)
                0x00020210                __hi0bits
 .text.__lo0bits
                0x00020254       0x60 c:/program files (x86)/arm gnu toolchain arm-none-eabi/12.3 rel1/bin/../lib/gcc/arm-none-eabi/12.3.1/thumb/v7e-m+fp/hard\libc.a(libc_a-mprec.o)
                0x00020254                __lo0bits
 .text.__i2b    0x000202b4       0x5c c:/program files (x86)/arm gnu toolchain arm-none-eabi/12.3 rel1/bin/../lib/gcc/arm-none-eabi/12.3.1/thumb/v7e-m+fp/hard\libc.a(libc_a-mprec.o)
                0x000202b4                __i2b
 .text.__multiply
                0x00020310      0x16c c:/program files (x86)/arm gnu toolchain arm-none-eabi/12.3 rel1/bin/../lib/gcc/arm-none-eabi/12.3.1/thumb/v7e-m+fp/hard\libc.a(libc_a-mprec.o)
                0x00020310                __multiply
 .text.__pow5mult
                0x0002047c       0xb4 c:/program files (x86)/arm gnu toolchain arm-none-eabi/12.3 rel1/bin/../lib/gcc/arm-none-eabi/12.3.1/thumb/v7e-m+fp/hard\libc.a(libc_a-mprec.o)
                0x0002047c                __pow5mult
 .text.__lshift
                0x00020530       0xf0 c:/program files (x86)/arm gnu toolchain arm-none-eabi/12.3 rel1/bin/../lib/gcc/arm-none-eabi/12.3.1/thumb/v7e-m+fp/hard\libc.a(libc_a-mprec.o)
                0x00020530                __lshift
 .text.__mcmp   0x00020620       0x44 c:/program files (x86)/arm gnu toolchain arm-none-eabi/12.3 rel1/bin/../lib/gcc/arm-none-eabi/12.3.1/thumb/v7e-m+fp/hard\libc.a(libc_a-mprec.o)
                0x00020620                __mcmp
 .text.__mdiff  0x00020664      0x164 c:/program files (x86)/arm gnu toolchain arm-none-eabi/12.3 rel1/bin/../lib/gcc/arm-none-eabi/12.3.1/thumb/v7e-m+fp/hard\libc.a(libc_a-mprec.o)
                0x00020664                __mdiff
 .text.__d2b    0x000207c8       0xc0 c:/program files (x86)/arm gnu toolchain arm-none-eabi/12.3 rel1/bin/../lib/gcc/arm-none-eabi/12.3.1/thumb/v7e-m+fp/hard\libc.a(libc_a-mprec.o)
                0x000207c8                __d2b
 .text.__ascii_wctomb
                0x00020888       0x1c c:/program files (x86)/arm gnu toolchain arm-none-eabi/12.3 rel1/bin/../lib/gcc/arm-none-eabi/12.3.1/thumb/v7e-m+fp/hard\libc.a(libc_a-wctomb_r.o)
                0x00020888                __ascii_wctomb
 .text._wcrtomb_r
                0x000208a4       0x4c c:/program files (x86)/arm gnu toolchain arm-none-eabi/12.3 rel1/bin/../lib/gcc/arm-none-eabi/12.3.1/thumb/v7e-m+fp/hard\libc.a(libc_a-wcrtomb.o)
                0x000208a4                _wcrtomb_r
 .text._wcsrtombs_r
                0x000208f0       0x18 c:/program files (x86)/arm gnu toolchain arm-none-eabi/12.3 rel1/bin/../lib/gcc/arm-none-eabi/12.3.1/thumb/v7e-m+fp/hard\libc.a(libc_a-wcsrtombs.o)
                0x000208f0                _wcsrtombs_r
 .text.__ssprint_r
                0x00020908      0x108 c:/program files (x86)/arm gnu toolchain arm-none-eabi/12.3 rel1/bin/../lib/gcc/arm-none-eabi/12.3.1/thumb/v7e-m+fp/hard\libc.a(libc_a-svfiprintf.o)
                0x00020908                __ssprint_r
 .text._fclose_r
                0x00020a10       0xc0 c:/program files (x86)/arm gnu toolchain arm-none-eabi/12.3 rel1/bin/../lib/gcc/arm-none-eabi/12.3.1/thumb/v7e-m+fp/hard\libc.a(libc_a-fclose.o)
                0x00020a10                _fclose_r
 .text.__sflush_r
                0x00020ad0      0x138 c:/program files (x86)/arm gnu toolchain arm-none-eabi/12.3 rel1/bin/../lib/gcc/arm-none-eabi/12.3.1/thumb/v7e-m+fp/hard\libc.a(libc_a-fflush.o)
                0x00020ad0                __sflush_r
 .text._fflush_r
                0x00020c08       0x54 c:/program files (x86)/arm gnu toolchain arm-none-eabi/12.3 rel1/bin/../lib/gcc/arm-none-eabi/12.3.1/thumb/v7e-m+fp/hard\libc.a(libc_a-fflush.o)
                0x00020c08                _fflush_r
 .text.memmove  0x00020c5c      0x100 c:/program files (x86)/arm gnu toolchain arm-none-eabi/12.3 rel1/bin/../lib/gcc/arm-none-eabi/12.3.1/thumb/v7e-m+fp/hard\libc.a(libc_a-memmove.o)
                0x00020c5c                memmove
 .text._sbrk_r  0x00020d5c       0x24 c:/program files (x86)/arm gnu toolchain arm-none-eabi/12.3 rel1/bin/../lib/gcc/arm-none-eabi/12.3.1/thumb/v7e-m+fp/hard\libc.a(libc_a-sbrkr.o)
                0x00020d5c                _sbrk_r
 .text.__errno  0x00020d80        0xc c:/program files (x86)/arm gnu toolchain arm-none-eabi/12.3 rel1/bin/../lib/gcc/arm-none-eabi/12.3.1/thumb/v7e-m+fp/hard\libc.a(libc_a-errno.o)
                0x00020d80                __errno
 .text.sysconf  0x00020d8c       0x1c c:/program files (x86)/arm gnu toolchain arm-none-eabi/12.3 rel1/bin/../lib/gcc/arm-none-eabi/12.3.1/thumb/v7e-m+fp/hard\libc.a(libc_a-sysconf.o)
                0x00020d8c                sysconf
 .text.__assert_func
                0x00020da8       0x40 c:/program files (x86)/arm gnu toolchain arm-none-eabi/12.3 rel1/bin/../lib/gcc/arm-none-eabi/12.3.1/thumb/v7e-m+fp/hard\libc.a(libc_a-assert.o)
                0x00020da8                __assert_func
 .text._calloc_r
                0x00020de8       0x6c c:/program files (x86)/arm gnu toolchain arm-none-eabi/12.3 rel1/bin/../lib/gcc/arm-none-eabi/12.3.1/thumb/v7e-m+fp/hard\libc.a(libc_a-callocr.o)
                0x00020de8                _calloc_r
 .text._realloc_r
                0x00020e54      0x344 c:/program files (x86)/arm gnu toolchain arm-none-eabi/12.3 rel1/bin/../lib/gcc/arm-none-eabi/12.3.1/thumb/v7e-m+fp/hard\libc.a(libc_a-reallocr.o)
                0x00020e54                _realloc_r
 .text._wcsnrtombs_l
                0x00021198       0xfc c:/program files (x86)/arm gnu toolchain arm-none-eabi/12.3 rel1/bin/../lib/gcc/arm-none-eabi/12.3.1/thumb/v7e-m+fp/hard\libc.a(libc_a-wcsnrtombs.o)
                0x00021198                _wcsnrtombs_l
 .text._wcsnrtombs_r
                0x00021294       0x24 c:/program files (x86)/arm gnu toolchain arm-none-eabi/12.3 rel1/bin/../lib/gcc/arm-none-eabi/12.3.1/thumb/v7e-m+fp/hard\libc.a(libc_a-wcsnrtombs.o)
                0x00021294                _wcsnrtombs_r
 .text.fiprintf
                0x000212b8       0x28 c:/program files (x86)/arm gnu toolchain arm-none-eabi/12.3 rel1/bin/../lib/gcc/arm-none-eabi/12.3.1/thumb/v7e-m+fp/hard\libc.a(libc_a-fiprintf.o)
                0x000212b8                fiprintf
 .text.__sprint_r.part.0
                0x000212e0       0x78 c:/program files (x86)/arm gnu toolchain arm-none-eabi/12.3 rel1/bin/../lib/gcc/arm-none-eabi/12.3.1/thumb/v7e-m+fp/hard\libc.a(libc_a-vfiprintf.o)
 .text._vfiprintf_r
                0x00021358      0xfa8 c:/program files (x86)/arm gnu toolchain arm-none-eabi/12.3 rel1/bin/../lib/gcc/arm-none-eabi/12.3.1/thumb/v7e-m+fp/hard\libc.a(libc_a-vfiprintf.o)
                0x00021358                _vfiprintf_r
 .text.__sbprintf
                0x00022300       0x80 c:/program files (x86)/arm gnu toolchain arm-none-eabi/12.3 rel1/bin/../lib/gcc/arm-none-eabi/12.3.1/thumb/v7e-m+fp/hard\libc.a(libc_a-vfiprintf.o)
 .text.__sfvwrite_r
                0x00022380      0x300 c:/program files (x86)/arm gnu toolchain arm-none-eabi/12.3 rel1/bin/../lib/gcc/arm-none-eabi/12.3.1/thumb/v7e-m+fp/hard\libc.a(libc_a-fvwrite.o)
                0x00022380                __sfvwrite_r
 .text.__swsetup_r
                0x00022680       0xc0 c:/program files (x86)/arm gnu toolchain arm-none-eabi/12.3 rel1/bin/../lib/gcc/arm-none-eabi/12.3.1/thumb/v7e-m+fp/hard\libc.a(libc_a-wsetup.o)
                0x00022680                __swsetup_r
 .text.__fputwc
                0x00022740       0x7c c:/program files (x86)/arm gnu toolchain arm-none-eabi/12.3 rel1/bin/../lib/gcc/arm-none-eabi/12.3.1/thumb/v7e-m+fp/hard\libc.a(libc_a-fputwc.o)
                0x00022740                __fputwc
 .text._fputwc_r
                0x000227bc       0x60 c:/program files (x86)/arm gnu toolchain arm-none-eabi/12.3 rel1/bin/../lib/gcc/arm-none-eabi/12.3.1/thumb/v7e-m+fp/hard\libc.a(libc_a-fputwc.o)
                0x000227bc                _fputwc_r
 .text.abort    0x0002281c       0x10 c:/program files (x86)/arm gnu toolchain arm-none-eabi/12.3 rel1/bin/../lib/gcc/arm-none-eabi/12.3.1/thumb/v7e-m+fp/hard\libc.a(libc_a-abort.o)
                0x0002281c                abort
 .text.__smakebuf_r
                0x0002282c       0xdc c:/program files (x86)/arm gnu toolchain arm-none-eabi/12.3 rel1/bin/../lib/gcc/arm-none-eabi/12.3.1/thumb/v7e-m+fp/hard\libc.a(libc_a-makebuf.o)
                0x0002282c                __smakebuf_r
 .text.__swbuf_r
                0x00022908       0xac c:/program files (x86)/arm gnu toolchain arm-none-eabi/12.3 rel1/bin/../lib/gcc/arm-none-eabi/12.3.1/thumb/v7e-m+fp/hard\libc.a(libc_a-wbuf.o)
                0x00022908                __swbuf_r
 .text.raise    0x000229b4       0x58 c:/program files (x86)/arm gnu toolchain arm-none-eabi/12.3 rel1/bin/../lib/gcc/arm-none-eabi/12.3.1/thumb/v7e-m+fp/hard\libc.a(libc_a-signal.o)
                0x000229b4                raise
 .text._fstat_r
                0x00022a0c       0x2c c:/program files (x86)/arm gnu toolchain arm-none-eabi/12.3 rel1/bin/../lib/gcc/arm-none-eabi/12.3.1/thumb/v7e-m+fp/hard\libc.a(libc_a-fstatr.o)
                0x00022a0c                _fstat_r
 .text._isatty_r
                0x00022a38       0x24 c:/program files (x86)/arm gnu toolchain arm-none-eabi/12.3 rel1/bin/../lib/gcc/arm-none-eabi/12.3.1/thumb/v7e-m+fp/hard\libc.a(libc_a-isattyr.o)
                0x00022a38                _isatty_r
 .text._kill_r  0x00022a5c       0x2c c:/program files (x86)/arm gnu toolchain arm-none-eabi/12.3 rel1/bin/../lib/gcc/arm-none-eabi/12.3.1/thumb/v7e-m+fp/hard\libc.a(libc_a-signalr.o)
                0x00022a5c                _kill_r
 .text._getpid_r
                0x00022a88        0x4 c:/program files (x86)/arm gnu toolchain arm-none-eabi/12.3 rel1/bin/../lib/gcc/arm-none-eabi/12.3.1/thumb/v7e-m+fp/hard\libc.a(libc_a-signalr.o)
                0x00022a88                _getpid_r
 .text._close   0x00022a8c       0x10 c:/program files (x86)/arm gnu toolchain arm-none-eabi/12.3 rel1/bin/../lib/gcc/arm-none-eabi/12.3.1/thumb/v7e-m+fp/hard\libnosys.a(close.o)
                0x00022a8c                _close
 .text._fstat   0x00022a9c       0x10 c:/program files (x86)/arm gnu toolchain arm-none-eabi/12.3 rel1/bin/../lib/gcc/arm-none-eabi/12.3.1/thumb/v7e-m+fp/hard\libnosys.a(fstat.o)
                0x00022a9c                _fstat
 .text._getpid  0x00022aac       0x10 c:/program files (x86)/arm gnu toolchain arm-none-eabi/12.3 rel1/bin/../lib/gcc/arm-none-eabi/12.3.1/thumb/v7e-m+fp/hard\libnosys.a(getpid.o)
                0x00022aac                _getpid
 .text._isatty  0x00022abc       0x10 c:/program files (x86)/arm gnu toolchain arm-none-eabi/12.3 rel1/bin/../lib/gcc/arm-none-eabi/12.3.1/thumb/v7e-m+fp/hard\libnosys.a(isatty.o)
                0x00022abc                _isatty
 .text._kill    0x00022acc       0x10 c:/program files (x86)/arm gnu toolchain arm-none-eabi/12.3 rel1/bin/../lib/gcc/arm-none-eabi/12.3.1/thumb/v7e-m+fp/hard\libnosys.a(kill.o)
                0x00022acc                _kill
 .text._lseek   0x00022adc       0x10 c:/program files (x86)/arm gnu toolchain arm-none-eabi/12.3 rel1/bin/../lib/gcc/arm-none-eabi/12.3.1/thumb/v7e-m+fp/hard\libnosys.a(lseek.o)
                0x00022adc                _lseek
 .text._read    0x00022aec       0x10 c:/program files (x86)/arm gnu toolchain arm-none-eabi/12.3 rel1/bin/../lib/gcc/arm-none-eabi/12.3.1/thumb/v7e-m+fp/hard\libnosys.a(read.o)
                0x00022aec                _read
 .text._sbrk    0x00022afc       0x1c c:/program files (x86)/arm gnu toolchain arm-none-eabi/12.3 rel1/bin/../lib/gcc/arm-none-eabi/12.3.1/thumb/v7e-m+fp/hard\libnosys.a(sbrk.o)
                0x00022afc                _sbrk
 .text._write   0x00022b18       0x10 c:/program files (x86)/arm gnu toolchain arm-none-eabi/12.3 rel1/bin/../lib/gcc/arm-none-eabi/12.3.1/thumb/v7e-m+fp/hard\libnosys.a(write.o)
                0x00022b18                _write
 .text._exit    0x00022b28        0x4 c:/program files (x86)/arm gnu toolchain arm-none-eabi/12.3 rel1/bin/../lib/gcc/arm-none-eabi/12.3.1/thumb/v7e-m+fp/hard\libnosys.a(_exit.o)
                0x00022b28                _exit
 .text.am_hal_cachectrl_config
                0x00022b2c       0x44 ../../../../../../mcu/apollo4l/hal/mcu/gcc/bin/libam_hal.a(am_hal_cachectrl.o)
                0x00022b2c                am_hal_cachectrl_config
 .text.am_hal_cachectrl_enable
                0x00022b70       0x18 ../../../../../../mcu/apollo4l/hal/mcu/gcc/bin/libam_hal.a(am_hal_cachectrl.o)
                0x00022b70                am_hal_cachectrl_enable
 .text.am_hal_daxi_config
                0x00022b88       0x94 ../../../../../../mcu/apollo4l/hal/mcu/gcc/bin/libam_hal.a(am_hal_cachectrl.o)
                0x00022b88                am_hal_daxi_config
 .text.am_hal_daxi_control
                0x00022c1c       0xe4 ../../../../../../mcu/apollo4l/hal/mcu/gcc/bin/libam_hal.a(am_hal_cachectrl.o)
                0x00022c1c                am_hal_daxi_control
 .text.am_hal_fault_capture_enable
                0x00022d00       0x14 ../../../../../../mcu/apollo4l/hal/mcu/gcc/bin/libam_hal.a(am_hal_fault.o)
                0x00022d00                am_hal_fault_capture_enable
 .text.am_hal_fault_status_get
                0x00022d14       0x48 ../../../../../../mcu/apollo4l/hal/mcu/gcc/bin/libam_hal.a(am_hal_fault.o)
                0x00022d14                am_hal_fault_status_get
 .text.am_hal_interrupt_master_enable
                0x00022d5c        0x8 ../../../../../../mcu/apollo4l/hal/mcu/gcc/bin/libam_hal.a(am_hal_interrupt.o)
                0x00022d5c                am_hal_interrupt_master_enable
 .text.am_hal_interrupt_master_disable
                0x00022d64        0x8 ../../../../../../mcu/apollo4l/hal/mcu/gcc/bin/libam_hal.a(am_hal_interrupt.o)
                0x00022d64                am_hal_interrupt_master_disable
 .text.am_hal_interrupt_master_set
                0x00022d6c        0x8 ../../../../../../mcu/apollo4l/hal/mcu/gcc/bin/libam_hal.a(am_hal_interrupt.o)
                0x00022d6c                am_hal_interrupt_master_set
 .text.internal_iom_reset_on_error
                0x00022d74      0x108 ../../../../../../mcu/apollo4l/hal/mcu/gcc/bin/libam_hal.a(am_hal_iom.o)
 .text.am_hal_iom_initialize
                0x00022e7c       0x50 ../../../../../../mcu/apollo4l/hal/mcu/gcc/bin/libam_hal.a(am_hal_iom.o)
                0x00022e7c                am_hal_iom_initialize
 .text.am_hal_iom_enable
                0x00022ecc       0xf0 ../../../../../../mcu/apollo4l/hal/mcu/gcc/bin/libam_hal.a(am_hal_iom.o)
                0x00022ecc                am_hal_iom_enable
 .text.am_hal_iom_power_ctrl
                0x00022fbc      0x1f0 ../../../../../../mcu/apollo4l/hal/mcu/gcc/bin/libam_hal.a(am_hal_iom.o)
                0x00022fbc                am_hal_iom_power_ctrl
 .text.am_hal_iom_configure
                0x000231ac      0x2d8 ../../../../../../mcu/apollo4l/hal/mcu/gcc/bin/libam_hal.a(am_hal_iom.o)
                0x000231ac                am_hal_iom_configure
 .text.am_hal_iom_blocking_transfer
                0x00023484      0x39c ../../../../../../mcu/apollo4l/hal/mcu/gcc/bin/libam_hal.a(am_hal_iom.o)
                0x00023484                am_hal_iom_blocking_transfer
 .text.mspi_dummy_callback
                0x00023820        0x4 ../../../../../../mcu/apollo4l/hal/mcu/gcc/bin/libam_hal.a(am_hal_mspi.o)
 .text.mspi_seq_loopback
                0x00023824       0x2c ../../../../../../mcu/apollo4l/hal/mcu/gcc/bin/libam_hal.a(am_hal_mspi.o)
 .text.mspi_device_configure.isra.0
                0x00023850      0x31c ../../../../../../mcu/apollo4l/hal/mcu/gcc/bin/libam_hal.a(am_hal_mspi.o)
 .text.sched_hiprio
                0x00023b6c       0xf4 ../../../../../../mcu/apollo4l/hal/mcu/gcc/bin/libam_hal.a(am_hal_mspi.o)
 .text.build_dma_cmdlist
                0x00023c60      0x128 ../../../../../../mcu/apollo4l/hal/mcu/gcc/bin/libam_hal.a(am_hal_mspi.o)
                0x00023c60                build_dma_cmdlist
 .text.am_hal_mspi_initialize
                0x00023d88       0x50 ../../../../../../mcu/apollo4l/hal/mcu/gcc/bin/libam_hal.a(am_hal_mspi.o)
                0x00023d88                am_hal_mspi_initialize
 .text.am_hal_mspi_configure
                0x00023dd8       0xe0 ../../../../../../mcu/apollo4l/hal/mcu/gcc/bin/libam_hal.a(am_hal_mspi.o)
                0x00023dd8                am_hal_mspi_configure
 .text.am_hal_mspi_device_configure
                0x00023eb8      0x250 ../../../../../../mcu/apollo4l/hal/mcu/gcc/bin/libam_hal.a(am_hal_mspi.o)
                0x00023eb8                am_hal_mspi_device_configure
 .text.am_hal_mspi_enable
                0x00024108       0xa8 ../../../../../../mcu/apollo4l/hal/mcu/gcc/bin/libam_hal.a(am_hal_mspi.o)
                0x00024108                am_hal_mspi_enable
 .text.am_hal_mspi_control
                0x000241b0      0xda0 ../../../../../../mcu/apollo4l/hal/mcu/gcc/bin/libam_hal.a(am_hal_mspi.o)
                0x000241b0                am_hal_mspi_control
 .text.am_hal_mspi_blocking_transfer
                0x00024f50      0x1dc ../../../../../../mcu/apollo4l/hal/mcu/gcc/bin/libam_hal.a(am_hal_mspi.o)
                0x00024f50                am_hal_mspi_blocking_transfer
 .text.am_hal_mspi_nonblocking_transfer
                0x0002512c      0x15c ../../../../../../mcu/apollo4l/hal/mcu/gcc/bin/libam_hal.a(am_hal_mspi.o)
                0x0002512c                am_hal_mspi_nonblocking_transfer
 .text.am_hal_mspi_interrupt_enable
                0x00025288       0x30 ../../../../../../mcu/apollo4l/hal/mcu/gcc/bin/libam_hal.a(am_hal_mspi.o)
                0x00025288                am_hal_mspi_interrupt_enable
 .text.am_hal_mspi_interrupt_status_get
                0x000252b8       0x50 ../../../../../../mcu/apollo4l/hal/mcu/gcc/bin/libam_hal.a(am_hal_mspi.o)
                0x000252b8                am_hal_mspi_interrupt_status_get
 .text.am_hal_mspi_interrupt_clear
                0x00025308       0x28 ../../../../../../mcu/apollo4l/hal/mcu/gcc/bin/libam_hal.a(am_hal_mspi.o)
                0x00025308                am_hal_mspi_interrupt_clear
 .text.am_hal_mspi_interrupt_service
                0x00025330      0x2fc ../../../../../../mcu/apollo4l/hal/mcu/gcc/bin/libam_hal.a(am_hal_mspi.o)
                0x00025330                am_hal_mspi_interrupt_service
 .text.am_hal_mspi_power_control
                0x0002562c      0x27c ../../../../../../mcu/apollo4l/hal/mcu/gcc/bin/libam_hal.a(am_hal_mspi.o)
                0x0002562c                am_hal_mspi_power_control
 .text.nonblocking_write_sm
                0x000258a8      0x10c ../../../../../../mcu/apollo4l/hal/mcu/gcc/bin/libam_hal.a(am_hal_uart.o)
 .text.nonblocking_read_sm
                0x000259b4       0xfc ../../../../../../mcu/apollo4l/hal/mcu/gcc/bin/libam_hal.a(am_hal_uart.o)
 .text.am_hal_uart_initialize
                0x00025ab0       0x70 ../../../../../../mcu/apollo4l/hal/mcu/gcc/bin/libam_hal.a(am_hal_uart.o)
                0x00025ab0                am_hal_uart_initialize
 .text.am_hal_uart_power_control
                0x00025b20       0xb8 ../../../../../../mcu/apollo4l/hal/mcu/gcc/bin/libam_hal.a(am_hal_uart.o)
                0x00025b20                am_hal_uart_power_control
 .text.am_hal_uart_configure
                0x00025bd8      0x174 ../../../../../../mcu/apollo4l/hal/mcu/gcc/bin/libam_hal.a(am_hal_uart.o)
                0x00025bd8                am_hal_uart_configure
 .text.am_hal_uart_transfer
                0x00025d4c      0x24c ../../../../../../mcu/apollo4l/hal/mcu/gcc/bin/libam_hal.a(am_hal_uart.o)
                0x00025d4c                am_hal_uart_transfer
 .text.am_hal_uart_tx_flush
                0x00025f98       0x98 ../../../../../../mcu/apollo4l/hal/mcu/gcc/bin/libam_hal.a(am_hal_uart.o)
                0x00025f98                am_hal_uart_tx_flush
 .text.am_hal_uart_interrupt_clear
                0x00026030       0x24 ../../../../../../mcu/apollo4l/hal/mcu/gcc/bin/libam_hal.a(am_hal_uart.o)
                0x00026030                am_hal_uart_interrupt_clear
 .text.am_hal_uart_interrupt_status_get
                0x00026054       0x38 ../../../../../../mcu/apollo4l/hal/mcu/gcc/bin/libam_hal.a(am_hal_uart.o)
                0x00026054                am_hal_uart_interrupt_status_get
 .text.am_hal_uart_interrupt_service
                0x0002608c       0x54 ../../../../../../mcu/apollo4l/hal/mcu/gcc/bin/libam_hal.a(am_hal_uart.o)
                0x0002608c                am_hal_uart_interrupt_service
 .text.am_hal_delay_us
                0x000260e0       0x30 ../../../../../../mcu/apollo4l/hal/mcu/gcc/bin/libam_hal.a(am_hal_utils.o)
                0x000260e0                am_hal_delay_us
 .text.am_hal_delay_us_status_change
                0x00026110       0x58 ../../../../../../mcu/apollo4l/hal/mcu/gcc/bin/libam_hal.a(am_hal_utils.o)
                0x00026110                am_hal_delay_us_status_change
 .text.am_hal_delay_us_status_check
                0x00026168       0x7c ../../../../../../mcu/apollo4l/hal/mcu/gcc/bin/libam_hal.a(am_hal_utils.o)
                0x00026168                am_hal_delay_us_status_check
 .text.am_gpu_power_enable
                0x000261e4        0x4 ../../../../../../mcu/apollo4l/hal/mcu/gcc/bin/libam_hal.a(am_hal_global.o)
                0x000261e4                am_gpu_power_enable
 .text.am_gpu_power_disable
                0x000261e8        0x4 ../../../../../../mcu/apollo4l/hal/mcu/gcc/bin/libam_hal.a(am_hal_global.o)
                0x000261e8                am_gpu_power_disable
 .text.am_hal_gpio_pinconfig
                0x000261ec       0x84 ../../../../../../mcu/apollo4l/hal/mcu/gcc/bin/libam_hal.a(am_hal_gpio.o)
                0x000261ec                am_hal_gpio_pinconfig
 .text.am_hal_gpio_state_read
                0x00026270       0x50 ../../../../../../mcu/apollo4l/hal/mcu/gcc/bin/libam_hal.a(am_hal_gpio.o)
                0x00026270                am_hal_gpio_state_read
 .text.am_hal_gpio_state_write
                0x000262c0      0x11c ../../../../../../mcu/apollo4l/hal/mcu/gcc/bin/libam_hal.a(am_hal_gpio.o)
                0x000262c0                am_hal_gpio_state_write
 .text.am_hal_gpio_interrupt_control
                0x000263dc      0x1a4 ../../../../../../mcu/apollo4l/hal/mcu/gcc/bin/libam_hal.a(am_hal_gpio.o)
                0x000263dc                am_hal_gpio_interrupt_control
 .text.am_hal_gpio_interrupt_clear
                0x00026580       0xcc ../../../../../../mcu/apollo4l/hal/mcu/gcc/bin/libam_hal.a(am_hal_gpio.o)
                0x00026580                am_hal_gpio_interrupt_clear
 .text.am_hal_gpio_interrupt_irq_status_get
                0x0002664c       0x74 ../../../../../../mcu/apollo4l/hal/mcu/gcc/bin/libam_hal.a(am_hal_gpio.o)
                0x0002664c                am_hal_gpio_interrupt_irq_status_get
 .text.am_hal_gpio_interrupt_irq_clear
                0x000266c0       0x18 ../../../../../../mcu/apollo4l/hal/mcu/gcc/bin/libam_hal.a(am_hal_gpio.o)
                0x000266c0                am_hal_gpio_interrupt_irq_clear
 .text.am_hal_gpio_interrupt_register
                0x000266d8       0x84 ../../../../../../mcu/apollo4l/hal/mcu/gcc/bin/libam_hal.a(am_hal_gpio.o)
                0x000266d8                am_hal_gpio_interrupt_register
 .text.am_hal_gpio_interrupt_service
                0x0002675c       0x70 ../../../../../../mcu/apollo4l/hal/mcu/gcc/bin/libam_hal.a(am_hal_gpio.o)
                0x0002675c                am_hal_gpio_interrupt_service
 .text.am_hal_pwrctrl_sram_config
                0x000267cc       0xbc ../../../../../../mcu/apollo4l/hal/mcu/gcc/bin/libam_hal.a(am_hal_pwrctrl.o)
                0x000267cc                am_hal_pwrctrl_sram_config
 .text.am_hal_pwrctrl_periph_enable
                0x00026888      0x194 ../../../../../../mcu/apollo4l/hal/mcu/gcc/bin/libam_hal.a(am_hal_pwrctrl.o)
                0x00026888                am_hal_pwrctrl_periph_enable
 .text.am_hal_pwrctrl_periph_disable
                0x00026a1c      0x180 ../../../../../../mcu/apollo4l/hal/mcu/gcc/bin/libam_hal.a(am_hal_pwrctrl.o)
                0x00026a1c                am_hal_pwrctrl_periph_disable
 .text.am_hal_pwrctrl_low_power_init
                0x00026b9c      0x1bc ../../../../../../mcu/apollo4l/hal/mcu/gcc/bin/libam_hal.a(am_hal_pwrctrl.o)
                0x00026b9c                am_hal_pwrctrl_low_power_init
 .text.buck_ldo_override_init
                0x00026d58       0xac ../../../../../../mcu/apollo4l/hal/mcu/gcc/bin/libam_hal.a(am_hal_pwrctrl.o)
                0x00026d58                buck_ldo_override_init
 .text.am_hal_pwrctrl_control
                0x00026e04      0x238 ../../../../../../mcu/apollo4l/hal/mcu/gcc/bin/libam_hal.a(am_hal_pwrctrl.o)
                0x00026e04                am_hal_pwrctrl_control
 .text.am_hal_queue_item_add
                0x0002703c       0x80 ../../../../../../mcu/apollo4l/hal/mcu/gcc/bin/libam_hal.a(am_hal_queue.o)
                0x0002703c                am_hal_queue_item_add
 .text.am_hal_queue_item_get
                0x000270bc       0x7c ../../../../../../mcu/apollo4l/hal/mcu/gcc/bin/libam_hal.a(am_hal_queue.o)
                0x000270bc                am_hal_queue_item_get
 .text.am_hal_cmdq_init
                0x00027138       0xb0 ../../../../../../mcu/apollo4l/hal/mcu/gcc/bin/libam_hal.a(am_hal_cmdq.o)
                0x00027138                am_hal_cmdq_init
 .text.am_hal_cmdq_enable
                0x000271e8       0x58 ../../../../../../mcu/apollo4l/hal/mcu/gcc/bin/libam_hal.a(am_hal_cmdq.o)
                0x000271e8                am_hal_cmdq_enable
 .text.am_hal_cmdq_disable
                0x00027240       0x38 ../../../../../../mcu/apollo4l/hal/mcu/gcc/bin/libam_hal.a(am_hal_cmdq.o)
                0x00027240                am_hal_cmdq_disable
 .text.am_hal_cmdq_alloc_block
                0x00027278       0xd0 ../../../../../../mcu/apollo4l/hal/mcu/gcc/bin/libam_hal.a(am_hal_cmdq.o)
                0x00027278                am_hal_cmdq_alloc_block
 .text.am_hal_cmdq_release_block
                0x00027348       0x30 ../../../../../../mcu/apollo4l/hal/mcu/gcc/bin/libam_hal.a(am_hal_cmdq.o)
                0x00027348                am_hal_cmdq_release_block
 .text.am_hal_cmdq_post_block
                0x00027378       0x6c ../../../../../../mcu/apollo4l/hal/mcu/gcc/bin/libam_hal.a(am_hal_cmdq.o)
                0x00027378                am_hal_cmdq_post_block
 .text.am_hal_cmdq_get_status
                0x000273e4       0xa4 ../../../../../../mcu/apollo4l/hal/mcu/gcc/bin/libam_hal.a(am_hal_cmdq.o)
                0x000273e4                am_hal_cmdq_get_status
 .text.am_hal_cmdq_error_resume
                0x00027488       0x8c ../../../../../../mcu/apollo4l/hal/mcu/gcc/bin/libam_hal.a(am_hal_cmdq.o)
                0x00027488                am_hal_cmdq_error_resume
 .text.am_hal_cmdq_reset
                0x00027514       0x5c ../../../../../../mcu/apollo4l/hal/mcu/gcc/bin/libam_hal.a(am_hal_cmdq.o)
                0x00027514                am_hal_cmdq_reset
 .text.am_hal_cmdq_post_loop_block
                0x00027570       0x74 ../../../../../../mcu/apollo4l/hal/mcu/gcc/bin/libam_hal.a(am_hal_cmdq.o)
                0x00027570                am_hal_cmdq_post_loop_block
 .text.am_hal_mram_info_read
                0x000275e4       0x64 ../../../../../../mcu/apollo4l/hal/mcu/gcc/bin/libam_hal.a(am_hal_mram.o)
                0x000275e4                am_hal_mram_info_read
 .text.am_bsp_external_pwr_on
                0x00027648        0x4 ../../../../bsp/gcc/bin/libam_bsp.a(am_bsp.o)
                0x00027648                am_bsp_external_pwr_on
 .text.am_bsp_low_power_init
                0x0002764c       0x18 ../../../../bsp/gcc/bin/libam_bsp.a(am_bsp.o)
                0x0002764c                am_bsp_low_power_init
 .text.am_hal_rtc_osc_disable
                0x00027664       0x14 ../../../../../../mcu/apollo4l/hal/mcu/gcc/bin/libam_hal.a(am_hal_rtc.o)
                0x00027664                am_hal_rtc_osc_disable
 *(.rodata)
 .rodata        0x00027678      0x1ae bin/mspi_raydium.o
 *fill*         0x00027826        0x2 
 .rodata        0x00027828      0x13b bin/display.o
 *fill*         0x00027963        0x1 
 .rodata        0x00027964       0xba bin/touch.o
 *fill*         0x00027a1e        0x2 
 .rodata        0x00027a20      0x11d bin/light_sensor.o
 *fill*         0x00027b3d        0x3 
 .rodata        0x00027b40       0x87 bin/accl.o
 *fill*         0x00027bc7        0x1 
 .rodata        0x00027bc8       0x3b bin/hello_world_uart.o
 *(.rodata*)
 *fill*         0x00027c03        0x1 
 .rodata.ui32MCUAllowed
                0x00027c04       0x14 bin/am_resources.o
                0x00027c04                ui32MCUAllowed
 .rodata.ui32DSP0Allowed
                0x00027c18       0x14 bin/am_resources.o
                0x00027c18                ui32DSP0Allowed
 .rodata.ui32DSP1Allowed
                0x00027c2c       0x14 bin/am_resources.o
                0x00027c2c                ui32DSP1Allowed
 .rodata.ui32SharedAccess
                0x00027c40       0x14 bin/am_resources.o
                0x00027c40                ui32SharedAccess
 .rodata.sGlobalAccess
                0x00027c54       0x1c bin/am_resources.o
                0x00027c54                sGlobalAccess
 .rodata.am_hal_gpio_pincfg_output33
                0x00027c70        0x4 bin/gpios.o
                0x00027c70                am_hal_gpio_pincfg_output33
 .rodata.font57
                0x00027c74      0x4fb bin/display.o
 *fill*         0x0002816f        0x1 
 .rodata.g_sUartConfig
                0x00028170        0xc bin/uart_output.o
                0x00028170                g_sUartConfig
 .rodata._svfprintf_r.str1.4
                0x0002817c       0x42 c:/program files (x86)/arm gnu toolchain arm-none-eabi/12.3 rel1/bin/../lib/gcc/arm-none-eabi/12.3.1/thumb/v7e-m+fp/hard\libc.a(libc_a-svfprintf.o)
 *fill*         0x000281be        0x2 
 .rodata.zeroes.0
                0x000281c0       0x10 c:/program files (x86)/arm gnu toolchain arm-none-eabi/12.3 rel1/bin/../lib/gcc/arm-none-eabi/12.3.1/thumb/v7e-m+fp/hard\libc.a(libc_a-svfprintf.o)
 .rodata.blanks.1
                0x000281d0       0x10 c:/program files (x86)/arm gnu toolchain arm-none-eabi/12.3 rel1/bin/../lib/gcc/arm-none-eabi/12.3.1/thumb/v7e-m+fp/hard\libc.a(libc_a-svfprintf.o)
 .rodata.str1.4
                0x000281e0       0x48 c:/program files (x86)/arm gnu toolchain arm-none-eabi/12.3 rel1/bin/../lib/gcc/arm-none-eabi/12.3.1/thumb/v7e-m+fp/hard\libc.a(libc_a-locale.o)
                                 0x4c (size before relaxing)
 .rodata._dtoa_r.str1.4
                0x00028228       0x7d c:/program files (x86)/arm gnu toolchain arm-none-eabi/12.3 rel1/bin/../lib/gcc/arm-none-eabi/12.3.1/thumb/v7e-m+fp/hard\libc.a(libc_a-dtoa.o)
                                 0x81 (size before relaxing)
 *fill*         0x000282a5        0x3 
 .rodata.__multadd.str1.4
                0x000282a8       0x5a c:/program files (x86)/arm gnu toolchain arm-none-eabi/12.3 rel1/bin/../lib/gcc/arm-none-eabi/12.3.1/thumb/v7e-m+fp/hard\libc.a(libc_a-mprec.o)
                                 0x6e (size before relaxing)
 *fill*         0x00028302        0x2 
 .rodata.p05.0  0x00028304        0xc c:/program files (x86)/arm gnu toolchain arm-none-eabi/12.3 rel1/bin/../lib/gcc/arm-none-eabi/12.3.1/thumb/v7e-m+fp/hard\libc.a(libc_a-mprec.o)
 .rodata.__mprec_bigtens
                0x00028310       0x28 c:/program files (x86)/arm gnu toolchain arm-none-eabi/12.3 rel1/bin/../lib/gcc/arm-none-eabi/12.3.1/thumb/v7e-m+fp/hard\libc.a(libc_a-mprec.o)
                0x00028310                __mprec_bigtens
 .rodata.__mprec_tens
                0x00028338       0xc8 c:/program files (x86)/arm gnu toolchain arm-none-eabi/12.3 rel1/bin/../lib/gcc/arm-none-eabi/12.3.1/thumb/v7e-m+fp/hard\libc.a(libc_a-mprec.o)
                0x00028338                __mprec_tens
 .rodata._ctype_
                0x00028400      0x101 c:/program files (x86)/arm gnu toolchain arm-none-eabi/12.3 rel1/bin/../lib/gcc/arm-none-eabi/12.3.1/thumb/v7e-m+fp/hard\libc.a(libc_a-ctype_.o)
                0x00028400                _ctype_
 *fill*         0x00028501        0x3 
 .rodata.__assert_func.str1.4
                0x00028504       0x3f c:/program files (x86)/arm gnu toolchain arm-none-eabi/12.3 rel1/bin/../lib/gcc/arm-none-eabi/12.3.1/thumb/v7e-m+fp/hard\libc.a(libc_a-assert.o)
                                 0x43 (size before relaxing)
 .rodata._vfiprintf_r.str1.4
                0x00028543       0x2f c:/program files (x86)/arm gnu toolchain arm-none-eabi/12.3 rel1/bin/../lib/gcc/arm-none-eabi/12.3.1/thumb/v7e-m+fp/hard\libc.a(libc_a-vfiprintf.o)
 *fill*         0x00028543        0x1 
 .rodata.zeroes.0
                0x00028544       0x10 c:/program files (x86)/arm gnu toolchain arm-none-eabi/12.3 rel1/bin/../lib/gcc/arm-none-eabi/12.3.1/thumb/v7e-m+fp/hard\libc.a(libc_a-vfiprintf.o)
 .rodata.blanks.1
                0x00028554       0x10 c:/program files (x86)/arm gnu toolchain arm-none-eabi/12.3 rel1/bin/../lib/gcc/arm-none-eabi/12.3.1/thumb/v7e-m+fp/hard\libc.a(libc_a-vfiprintf.o)
 .rodata.am_hal_cachectrl_defaults
                0x00028564        0x3 ../../../../../../mcu/apollo4l/hal/mcu/gcc/bin/libam_hal.a(am_hal_cachectrl.o)
                0x00028564                am_hal_cachectrl_defaults
 *fill*         0x00028567        0x1 
 .rodata.am_hal_daxi_defaults
                0x00028568        0x5 ../../../../../../mcu/apollo4l/hal/mcu/gcc/bin/libam_hal.a(am_hal_cachectrl.o)
                0x00028568                am_hal_daxi_defaults
 *fill*         0x0002856d        0x3 
 .rodata.CSWTCH.15
                0x00028570       0x14 ../../../../../../mcu/apollo4l/hal/mcu/gcc/bin/libam_hal.a(am_hal_uart.o)
 .rodata.am_hal_gpio_pincfg_input
                0x00028584        0x4 ../../../../../../mcu/apollo4l/hal/mcu/gcc/bin/libam_hal.a(am_hal_gpio.o)
                0x00028584                am_hal_gpio_pincfg_input
 .rodata.am_hal_gpio_pincfg_output
                0x00028588        0x4 ../../../../../../mcu/apollo4l/hal/mcu/gcc/bin/libam_hal.a(am_hal_gpio.o)
                0x00028588                am_hal_gpio_pincfg_output
 .rodata.g_ui32DSpintbl
                0x0002858c       0x10 ../../../../../../mcu/apollo4l/hal/mcu/gcc/bin/libam_hal.a(am_hal_gpio.o)
 .rodata.g_ui32RMpintbl
                0x0002859c       0x10 ../../../../../../mcu/apollo4l/hal/mcu/gcc/bin/libam_hal.a(am_hal_gpio.o)
 .rodata.am_hal_pwrctrl_peripheral_control
                0x000285ac      0x190 ../../../../../../mcu/apollo4l/hal/mcu/gcc/bin/libam_hal.a(am_hal_pwrctrl.o)
                0x000285ac                am_hal_pwrctrl_peripheral_control
 .rodata.g_DefaultSRAMCfg
                0x0002873c        0x6 ../../../../../../mcu/apollo4l/hal/mcu/gcc/bin/libam_hal.a(am_hal_pwrctrl.o)
                0x0002873c                g_DefaultSRAMCfg
 *fill*         0x00028742        0x2 
 .rodata.g_am_hal_bootrom_helper
                0x00028744       0x28 ../../../../../../mcu/apollo4l/hal/mcu/gcc/bin/libam_hal.a(am_hal_bootrom_helper.o)
                0x00028744                g_am_hal_bootrom_helper
 .rodata.gAmHalCmdQReg
                0x0002876c      0x1b8 ../../../../../../mcu/apollo4l/hal/mcu/gcc/bin/libam_hal.a(am_hal_cmdq.o)
                0x00028924                        . = ALIGN (0x4)
                0x00028924                        _etext = .

.glue_7         0x00028924        0x0
 .glue_7        0x00028924        0x0 linker stubs

.glue_7t        0x00028924        0x0
 .glue_7t       0x00028924        0x0 linker stubs

.vfp11_veneer   0x00028924        0x0
 .vfp11_veneer  0x00028924        0x0 linker stubs

.v4_bx          0x00028924        0x0
 .v4_bx         0x00028924        0x0 linker stubs

.iplt           0x00028924        0x0
 .iplt          0x00028924        0x0 bin/am_resources.o

.rel.dyn        0x00028924        0x0
 .rel.iplt      0x00028924        0x0 bin/am_resources.o

.ARM.exidx      0x00028924        0x8
 .ARM.exidx     0x00028924        0x8 c:/program files (x86)/arm gnu toolchain arm-none-eabi/12.3 rel1/bin/../lib/gcc/arm-none-eabi/12.3.1/thumb/v7e-m+fp/hard\libc.a(libc_a-memchr.o)
 .ARM.exidx     0x0002892c        0x0 c:/program files (x86)/arm gnu toolchain arm-none-eabi/12.3 rel1/bin/../lib/gcc/arm-none-eabi/12.3.1/thumb/v7e-m+fp/hard\libc.a(libc_a-strlen.o)
                                  0x8 (size before relaxing)
 .ARM.exidx     0x0002892c        0x0 c:/program files (x86)/arm gnu toolchain arm-none-eabi/12.3 rel1/bin/../lib/gcc/arm-none-eabi/12.3.1/thumb/v7e-m+fp/hard\libc.a(libc_a-memcpy.o)
                                  0x8 (size before relaxing)

.stack          0x10000000     0x1000
                0x10000000                        . = ALIGN (0x8)
 *(.stack)
 .stack         0x10000000     0x1000 bin/startup_gcc.o
 *(.stack*)
                0x10001000                        . = ALIGN (0x8)

.heap           0x10001000        0x0
                0x10001000                        __heap_start__ = .
                0x10001000                        end = __heap_start__
                0x10001000                        _end = end
                0x10001000                        __end = end
 *(.heap)
 .heap          0x10001000        0x0 bin/startup_gcc.o
                0x10001000                        __heap_end__ = .
                0x10001000                        __HeapLimit = __heap_end__

.data           0x10001000      0x7b8 load address 0x0002892c
                0x10001000                        . = ALIGN (0x4)
                0x10001000                        _sdata = .
 *(.data)
 *(.data*)
 .data.g_sGraphic_conf
                0x10001000        0xc bin/mspi_raydium.o
 .data.SerialCE0DisplayMSPICfg
                0x1000100c       0x16 bin/mspi_raydium.o
 *fill*         0x10001022        0x2 
 .data.SerialCE1DisplayMSPICfg
                0x10001024       0x16 bin/mspi_raydium.o
 *fill*         0x1000103a        0x2 
 .data.QuadCE0DisplayMSPICfg
                0x1000103c       0x16 bin/mspi_raydium.o
 *fill*         0x10001052        0x2 
 .data.QuadCE1DisplayMSPICfg
                0x10001054       0x16 bin/mspi_raydium.o
 .data.g_MaxReadFreq
                0x1000106a        0x1 bin/mspi_raydium.o
                0x1000106a                g_MaxReadFreq
 *fill*         0x1000106b        0x1 
 .data.QuadDisplayMSPICfg
                0x1000106c        0xc bin/display.o
 .data.g_sDispCfg
                0x10001078       0x18 bin/display.o
                0x10001078                g_sDispCfg
 .data.gpio_default
                0x10001090        0x4 bin/display.o
                0x10001090                gpio_default
 .data.g_AM_GPIO_TE_43
                0x10001094        0x4 bin/display.o
                0x10001094                g_AM_GPIO_TE_43
 .data.g_AM_GPIO_MSPI1_D0
                0x10001098        0x4 bin/display.o
                0x10001098                g_AM_GPIO_MSPI1_D0
 .data.g_AM_GPIO_MSPI1_D1
                0x1000109c        0x4 bin/display.o
                0x1000109c                g_AM_GPIO_MSPI1_D1
 .data.g_AM_GPIO_MSPI1_D2
                0x100010a0        0x4 bin/display.o
                0x100010a0                g_AM_GPIO_MSPI1_D2
 .data.g_AM_GPIO_MSPI1_D3
                0x100010a4        0x4 bin/display.o
                0x100010a4                g_AM_GPIO_MSPI1_D3
 .data.g_AM_GPIO_MSPI1_CE0
                0x100010a8        0x4 bin/display.o
                0x100010a8                g_AM_GPIO_MSPI1_CE0
 .data.g_AM_GPIO_MSPI1_SCK
                0x100010ac        0x4 bin/display.o
                0x100010ac                g_AM_GPIO_MSPI1_SCK
 .data.g_AM_GPIO_RESET_42
                0x100010b0        0x4 bin/display.o
                0x100010b0                g_AM_GPIO_RESET_42
 .data.ui32ModuleTouch
                0x100010b4        0x4 bin/touch.o
                0x100010b4                ui32ModuleTouch
 .data.touch_i2cSettings
                0x100010b8       0x14 bin/touch.o
                0x100010b8                touch_i2cSettings
 .data.LightSens_sti2cSettings
                0x100010cc       0x14 bin/light_sensor.o
                0x100010cc                LightSens_sti2cSettings
 .data.g_AM_GPIO_COM_UART_TX
                0x100010e0        0x4 bin/uart_output.o
                0x100010e0                g_AM_GPIO_COM_UART_TX
 .data.g_AM_GPIO_COM_UART_RX
                0x100010e4        0x4 bin/uart_output.o
                0x100010e4                g_AM_GPIO_COM_UART_RX
 .data._impure_ptr
                0x100010e8        0x4 c:/program files (x86)/arm gnu toolchain arm-none-eabi/12.3 rel1/bin/../lib/gcc/arm-none-eabi/12.3.1/thumb/v7e-m+fp/hard\libc.a(libc_a-impure.o)
                0x100010e8                _impure_ptr
 *fill*         0x100010ec        0x4 
 .data._impure_data
                0x100010f0      0x120 c:/program files (x86)/arm gnu toolchain arm-none-eabi/12.3 rel1/bin/../lib/gcc/arm-none-eabi/12.3.1/thumb/v7e-m+fp/hard\libc.a(libc_a-impure.o)
                0x100010f0                _impure_data
 .data.__sglue  0x10001210        0xc c:/program files (x86)/arm gnu toolchain arm-none-eabi/12.3 rel1/bin/../lib/gcc/arm-none-eabi/12.3.1/thumb/v7e-m+fp/hard\libc.a(libc_a-findfp.o)
                0x10001210                __sglue
 .data.__global_locale
                0x1000121c      0x16c c:/program files (x86)/arm gnu toolchain arm-none-eabi/12.3 rel1/bin/../lib/gcc/arm-none-eabi/12.3.1/thumb/v7e-m+fp/hard\libc.a(libc_a-locale.o)
                0x1000121c                __global_locale
 .data.__malloc_sbrk_base
                0x10001388        0x4 c:/program files (x86)/arm gnu toolchain arm-none-eabi/12.3 rel1/bin/../lib/gcc/arm-none-eabi/12.3.1/thumb/v7e-m+fp/hard\libc.a(libc_a-mallocr.o)
                0x10001388                __malloc_sbrk_base
 .data.__malloc_trim_threshold
                0x1000138c        0x4 c:/program files (x86)/arm gnu toolchain arm-none-eabi/12.3 rel1/bin/../lib/gcc/arm-none-eabi/12.3.1/thumb/v7e-m+fp/hard\libc.a(libc_a-mallocr.o)
                0x1000138c                __malloc_trim_threshold
 .data.__malloc_av_
                0x10001390      0x408 c:/program files (x86)/arm gnu toolchain arm-none-eabi/12.3 rel1/bin/../lib/gcc/arm-none-eabi/12.3.1/thumb/v7e-m+fp/hard\libc.a(libc_a-mallocr.o)
                0x10001390                __malloc_av_
 .data.gDaxiConfig
                0x10001798        0x5 ../../../../../../mcu/apollo4l/hal/mcu/gcc/bin/libam_hal.a(am_hal_cachectrl.o)
                0x10001798                gDaxiConfig
 *fill*         0x1000179d        0x3 
 .data.g_ui32TrimVer
                0x100017a0        0x4 ../../../../../../mcu/apollo4l/hal/mcu/gcc/bin/libam_hal.a(am_hal_pwrctrl.o)
                0x100017a0                g_ui32TrimVer
 .data.g_ui32origSimobuckVDDStrim
                0x100017a4        0x4 ../../../../../../mcu/apollo4l/hal/mcu/gcc/bin/libam_hal.a(am_hal_pwrctrl.o)
                0x100017a4                g_ui32origSimobuckVDDStrim
 .data.g_AM_BSP_GPIO_IOM0_SCL
                0x100017a8        0x4 ../../../../bsp/gcc/bin/libam_bsp.a(am_bsp_pins.o)
                0x100017a8                g_AM_BSP_GPIO_IOM0_SCL
 .data.g_AM_BSP_GPIO_IOM0_SDA
                0x100017ac        0x4 ../../../../bsp/gcc/bin/libam_bsp.a(am_bsp_pins.o)
                0x100017ac                g_AM_BSP_GPIO_IOM0_SDA
 .data.g_AM_BSP_GPIO_IOM2_SCL
                0x100017b0        0x4 ../../../../bsp/gcc/bin/libam_bsp.a(am_bsp_pins.o)
                0x100017b0                g_AM_BSP_GPIO_IOM2_SCL
 .data.g_AM_BSP_GPIO_IOM2_SDA
                0x100017b4        0x4 ../../../../bsp/gcc/bin/libam_bsp.a(am_bsp_pins.o)
                0x100017b4                g_AM_BSP_GPIO_IOM2_SDA
 *(.ramfunc)
                0x100017b8                        . = ALIGN (0x4)
                0x100017b8                        _edata = .
                0x0002892c                        _init_data = LOADADDR (.data)

.igot.plt       0x100017b8        0x0 load address 0x000290e4
 .igot.plt      0x100017b8        0x0 bin/am_resources.o

.bss            0x100017b8    0x35734 load address 0x000290e4
                0x100017b8                        . = ALIGN (0x4)
                0x100017b8                        _sbss = .
 *(.bss)
 *(.bss*)
 .bss.gGDMspiCfg
                0x100017b8        0xc bin/mspi_raydium.o
 .bss.gAmDisplay
                0x100017c4       0x20 bin/mspi_raydium.o
                0x100017c4                gAmDisplay
 .bss.display_buffer
                0x100017e4    0x2df00 bin/display.o
 .bss.last_uni_char
                0x1002f6e4        0x1 bin/display.o
                0x1002f6e4                last_uni_char
 .bss.last_char
                0x1002f6e5        0x1 bin/display.o
                0x1002f6e5                last_char
 .bss.bXferDone
                0x1002f6e6        0x1 bin/display.o
 *fill*         0x1002f6e7        0x1 
 .bss.g_MSPIDisplayHandle
                0x1002f6e8        0x4 bin/display.o
 .bss.g_DisplayHandle
                0x1002f6ec        0x4 bin/display.o
 .bss.ui32MspiDisplayQBuffer
                0x1002f6f0      0x360 bin/display.o
 .bss.sDispUserSetting
                0x1002fa50        0xa bin/display.o
 *fill*         0x1002fa5a        0x2 
 .bss.sDispTransfer
                0x1002fa5c       0x18 bin/display.o
 .bss.x_here    0x1002fa74        0x2 bin/display.o
                0x1002fa74                x_here
 .bss.y_here    0x1002fa76        0x2 bin/display.o
                0x1002fa76                y_here
 .bss.light_here
                0x1002fa78        0x2 bin/display.o
                0x1002fa78                light_here
 .bss.light_small_here
                0x1002fa7a        0x2 bin/display.o
                0x1002fa7a                light_small_here
 .bss.touch_pIomHandle
                0x1002fa7c        0x4 bin/touch.o
                0x1002fa7c                touch_pIomHandle
 .bss.ui32ModuleLightSens
                0x1002fa80        0x4 bin/light_sensor.o
                0x1002fa80                ui32ModuleLightSens
 .bss.LightSens_pIomHandle
                0x1002fa84        0x4 bin/light_sensor.o
                0x1002fa84                LightSens_pIomHandle
 .bss.spi_buffer
                0x1002fa88       0x64 bin/accl.o
                0x1002fa88                spi_buffer
 .bss.phUART    0x1002faec        0x4 bin/uart_output.o
                0x1002faec                phUART
 .bss.gFaultStack
                0x1002faf0      0x200 bin/am_util_faultisr.o
                0x1002faf0                gFaultStack
 .bss.g_pfnCharPrint
                0x1002fcf0        0x4 bin/am_util_stdio.o
                0x1002fcf0                g_pfnCharPrint
 .bss.g_prfbuf  0x1002fcf4      0x400 bin/am_util_stdio.o
 .bss.g_bTxtXlate
                0x100300f4        0x1 bin/am_util_stdio.o
 *fill*         0x100300f5        0x3 
 .bss.__sf      0x100300f8      0x138 c:/program files (x86)/arm gnu toolchain arm-none-eabi/12.3 rel1/bin/../lib/gcc/arm-none-eabi/12.3.1/thumb/v7e-m+fp/hard\libc.a(libc_a-findfp.o)
                0x100300f8                __sf
 .bss.__stdio_exit_handler
                0x10030230        0x4 c:/program files (x86)/arm gnu toolchain arm-none-eabi/12.3 rel1/bin/../lib/gcc/arm-none-eabi/12.3.1/thumb/v7e-m+fp/hard\libc.a(libc_a-findfp.o)
                0x10030230                __stdio_exit_handler
 .bss.errno     0x10030234        0x4 c:/program files (x86)/arm gnu toolchain arm-none-eabi/12.3 rel1/bin/../lib/gcc/arm-none-eabi/12.3.1/thumb/v7e-m+fp/hard\libc.a(libc_a-reent.o)
                0x10030234                errno
 .bss.__lock___malloc_recursive_mutex
                0x10030238        0x1 c:/program files (x86)/arm gnu toolchain arm-none-eabi/12.3 rel1/bin/../lib/gcc/arm-none-eabi/12.3.1/thumb/v7e-m+fp/hard\libc.a(libc_a-lock.o)
                0x10030238                __lock___malloc_recursive_mutex
 *fill*         0x10030239        0x3 
 .bss.__lock___sfp_recursive_mutex
                0x1003023c        0x1 c:/program files (x86)/arm gnu toolchain arm-none-eabi/12.3 rel1/bin/../lib/gcc/arm-none-eabi/12.3.1/thumb/v7e-m+fp/hard\libc.a(libc_a-lock.o)
                0x1003023c                __lock___sfp_recursive_mutex
 *fill*         0x1003023d        0x3 
 .bss.__malloc_current_mallinfo
                0x10030240       0x28 c:/program files (x86)/arm gnu toolchain arm-none-eabi/12.3 rel1/bin/../lib/gcc/arm-none-eabi/12.3.1/thumb/v7e-m+fp/hard\libc.a(libc_a-mallocr.o)
                0x10030240                __malloc_current_mallinfo
 .bss.__malloc_max_total_mem
                0x10030268        0x4 c:/program files (x86)/arm gnu toolchain arm-none-eabi/12.3 rel1/bin/../lib/gcc/arm-none-eabi/12.3.1/thumb/v7e-m+fp/hard\libc.a(libc_a-mallocr.o)
                0x10030268                __malloc_max_total_mem
 .bss.__malloc_max_sbrked_mem
                0x1003026c        0x4 c:/program files (x86)/arm gnu toolchain arm-none-eabi/12.3 rel1/bin/../lib/gcc/arm-none-eabi/12.3.1/thumb/v7e-m+fp/hard\libc.a(libc_a-mallocr.o)
                0x1003026c                __malloc_max_sbrked_mem
 .bss.__malloc_top_pad
                0x10030270        0x4 c:/program files (x86)/arm gnu toolchain arm-none-eabi/12.3 rel1/bin/../lib/gcc/arm-none-eabi/12.3.1/thumb/v7e-m+fp/hard\libc.a(libc_a-mallocr.o)
                0x10030270                __malloc_top_pad
 .bss.heap_end.0
                0x10030274        0x4 c:/program files (x86)/arm gnu toolchain arm-none-eabi/12.3 rel1/bin/../lib/gcc/arm-none-eabi/12.3.1/thumb/v7e-m+fp/hard\libnosys.a(sbrk.o)
 .bss.g_IOMhandles
                0x10030278     0x4540 ../../../../../../mcu/apollo4l/hal/mcu/gcc/bin/libam_hal.a(am_hal_iom.o)
                0x10030278                g_IOMhandles
 .bss.g_MSPIState
                0x100347b8     0x1a4c ../../../../../../mcu/apollo4l/hal/mcu/gcc/bin/libam_hal.a(am_hal_mspi.o)
 .bss.g_am_hal_uart_states
                0x10036204      0x2e0 ../../../../../../mcu/apollo4l/hal/mcu/gcc/bin/libam_hal.a(am_hal_uart.o)
                0x10036204                g_am_hal_uart_states
 .bss.gpio_ppfnHandlers
                0x100364e4      0x400 ../../../../../../mcu/apollo4l/hal/mcu/gcc/bin/libam_hal.a(am_hal_gpio.o)
 .bss.gpio_pppvIrqArgs
                0x100368e4      0x400 ../../../../../../mcu/apollo4l/hal/mcu/gcc/bin/libam_hal.a(am_hal_gpio.o)
 .bss.g_bBoostForCryptoApplied
                0x10036ce4        0x1 ../../../../../../mcu/apollo4l/hal/mcu/gcc/bin/libam_hal.a(am_hal_pwrctrl.o)
 .bss.g_bOrigTrimsStored
                0x10036ce5        0x1 ../../../../../../mcu/apollo4l/hal/mcu/gcc/bin/libam_hal.a(am_hal_pwrctrl.o)
 *fill*         0x10036ce6        0x2 
 .bss.g_i32LatestLDOActTrim
                0x10036ce8        0x4 ../../../../../../mcu/apollo4l/hal/mcu/gcc/bin/libam_hal.a(am_hal_pwrctrl.o)
 .bss.g_i32LatestVddfActTrim
                0x10036cec        0x4 ../../../../../../mcu/apollo4l/hal/mcu/gcc/bin/libam_hal.a(am_hal_pwrctrl.o)
 .bss.g_orig_ACTTRIMVDDF
                0x10036cf0        0x4 ../../../../../../mcu/apollo4l/hal/mcu/gcc/bin/libam_hal.a(am_hal_pwrctrl.o)
 .bss.g_orig_LPTRIMVDDF
                0x10036cf4        0x4 ../../../../../../mcu/apollo4l/hal/mcu/gcc/bin/libam_hal.a(am_hal_pwrctrl.o)
 .bss.g_orig_MEMLDOACTIVETRIM
                0x10036cf8        0x4 ../../../../../../mcu/apollo4l/hal/mcu/gcc/bin/libam_hal.a(am_hal_pwrctrl.o)
 .bss.g_orig_MEMLPLDOTRIM
                0x10036cfc        0x4 ../../../../../../mcu/apollo4l/hal/mcu/gcc/bin/libam_hal.a(am_hal_pwrctrl.o)
 .bss.g_orig_TVRGVREFTRIM
                0x10036d00        0x4 ../../../../../../mcu/apollo4l/hal/mcu/gcc/bin/libam_hal.a(am_hal_pwrctrl.o)
 .bss.g_ui32VDDFAdjustCodes
                0x10036d04        0x4 ../../../../../../mcu/apollo4l/hal/mcu/gcc/bin/libam_hal.a(am_hal_pwrctrl.o)
 .bss.gAmHalCmdq
                0x10036d08      0x1e4 ../../../../../../mcu/apollo4l/hal/mcu/gcc/bin/libam_hal.a(am_hal_cmdq.o)
 *(COMMON)
                0x10036eec                        . = ALIGN (0x4)
                0x10036eec                        _ebss = .

.shared         0x10060000       0x40 load address 0x000290e4
                0x10060000                        . = ALIGN (0x4)
 *(.resource_table)
 .resource_table
                0x10060000        0x4 bin/am_resources.o
                0x10060000                psGlobalAccessPtr
 *(.shared)
 .shared        0x10060004       0x3c bin/am_resources.o
                0x10060004                ui32MCUClaimed
                0x10060018                ui32DSP0Claimed
                0x1006002c                ui32DSP1Claimed
                0x10060040                        . = ALIGN (0x4)

.ARM.attributes
                0x00000000       0x32
 *(.ARM.attributes)
 .ARM.attributes
                0x00000000       0x34 bin/am_resources.o
 .ARM.attributes
                0x00000034       0x34 bin/gpios.o
 .ARM.attributes
                0x00000068       0x34 bin/mspi_raydium.o
 .ARM.attributes
                0x0000009c       0x34 bin/display.o
 .ARM.attributes
                0x000000d0       0x34 bin/touch.o
 .ARM.attributes
                0x00000104       0x34 bin/light_sensor.o
 .ARM.attributes
                0x00000138       0x34 bin/accl.o
 .ARM.attributes
                0x0000016c       0x34 bin/uart_output.o
 .ARM.attributes
                0x000001a0       0x34 bin/hello_world_uart.o
 .ARM.attributes
                0x000001d4       0x34 bin/am_util_delay.o
 .ARM.attributes
                0x00000208       0x34 bin/am_util_faultisr.o
 .ARM.attributes
                0x0000023c       0x34 bin/am_util_stdio.o
 .ARM.attributes
                0x00000270       0x34 bin/startup_gcc.o
 .ARM.attributes
                0x000002a4       0x34 c:/program files (x86)/arm gnu toolchain arm-none-eabi/12.3 rel1/bin/../lib/gcc/arm-none-eabi/12.3.1/thumb/v7e-m+fp/hard\libc.a(libc_a-sprintf.o)
 .ARM.attributes
                0x000002d8       0x34 c:/program files (x86)/arm gnu toolchain arm-none-eabi/12.3 rel1/bin/../lib/gcc/arm-none-eabi/12.3.1/thumb/v7e-m+fp/hard\libc.a(libc_a-impure.o)
 .ARM.attributes
                0x0000030c       0x34 c:/program files (x86)/arm gnu toolchain arm-none-eabi/12.3 rel1/bin/../lib/gcc/arm-none-eabi/12.3.1/thumb/v7e-m+fp/hard\libc.a(libc_a-svfprintf.o)
 .ARM.attributes
                0x00000340       0x34 c:/program files (x86)/arm gnu toolchain arm-none-eabi/12.3 rel1/bin/../lib/gcc/arm-none-eabi/12.3.1/thumb/v7e-m+fp/hard\libc.a(libc_a-findfp.o)
 .ARM.attributes
                0x00000374       0x34 c:/program files (x86)/arm gnu toolchain arm-none-eabi/12.3 rel1/bin/../lib/gcc/arm-none-eabi/12.3.1/thumb/v7e-m+fp/hard\libc.a(libc_a-fwalk.o)
 .ARM.attributes
                0x000003a8       0x34 c:/program files (x86)/arm gnu toolchain arm-none-eabi/12.3 rel1/bin/../lib/gcc/arm-none-eabi/12.3.1/thumb/v7e-m+fp/hard\libc.a(libc_a-stdio.o)
 .ARM.attributes
                0x000003dc       0x34 c:/program files (x86)/arm gnu toolchain arm-none-eabi/12.3 rel1/bin/../lib/gcc/arm-none-eabi/12.3.1/thumb/v7e-m+fp/hard\libc.a(libc_a-memset.o)
 .ARM.attributes
                0x00000410       0x34 c:/program files (x86)/arm gnu toolchain arm-none-eabi/12.3 rel1/bin/../lib/gcc/arm-none-eabi/12.3.1/thumb/v7e-m+fp/hard\libc.a(libc_a-strncpy.o)
 .ARM.attributes
                0x00000444       0x34 c:/program files (x86)/arm gnu toolchain arm-none-eabi/12.3 rel1/bin/../lib/gcc/arm-none-eabi/12.3.1/thumb/v7e-m+fp/hard\libc.a(libc_a-locale.o)
 .ARM.attributes
                0x00000478       0x34 c:/program files (x86)/arm gnu toolchain arm-none-eabi/12.3 rel1/bin/../lib/gcc/arm-none-eabi/12.3.1/thumb/v7e-m+fp/hard\libc.a(libc_a-localeconv.o)
 .ARM.attributes
                0x000004ac       0x34 c:/program files (x86)/arm gnu toolchain arm-none-eabi/12.3 rel1/bin/../lib/gcc/arm-none-eabi/12.3.1/thumb/v7e-m+fp/hard\libc.a(libc_a-closer.o)
 .ARM.attributes
                0x000004e0       0x34 c:/program files (x86)/arm gnu toolchain arm-none-eabi/12.3 rel1/bin/../lib/gcc/arm-none-eabi/12.3.1/thumb/v7e-m+fp/hard\libc.a(libc_a-reent.o)
 .ARM.attributes
                0x00000514       0x34 c:/program files (x86)/arm gnu toolchain arm-none-eabi/12.3 rel1/bin/../lib/gcc/arm-none-eabi/12.3.1/thumb/v7e-m+fp/hard\libc.a(libc_a-lseekr.o)
 .ARM.attributes
                0x00000548       0x34 c:/program files (x86)/arm gnu toolchain arm-none-eabi/12.3 rel1/bin/../lib/gcc/arm-none-eabi/12.3.1/thumb/v7e-m+fp/hard\libc.a(libc_a-readr.o)
 .ARM.attributes
                0x0000057c       0x34 c:/program files (x86)/arm gnu toolchain arm-none-eabi/12.3 rel1/bin/../lib/gcc/arm-none-eabi/12.3.1/thumb/v7e-m+fp/hard\libc.a(libc_a-writer.o)
 .ARM.attributes
                0x000005b0       0x34 c:/program files (x86)/arm gnu toolchain arm-none-eabi/12.3 rel1/bin/../lib/gcc/arm-none-eabi/12.3.1/thumb/v7e-m+fp/hard\libc.a(libc_a-lock.o)
 .ARM.attributes
                0x000005e4       0x1c c:/program files (x86)/arm gnu toolchain arm-none-eabi/12.3 rel1/bin/../lib/gcc/arm-none-eabi/12.3.1/thumb/v7e-m+fp/hard\libc.a(libc_a-memchr.o)
 .ARM.attributes
                0x00000600       0x1c c:/program files (x86)/arm gnu toolchain arm-none-eabi/12.3 rel1/bin/../lib/gcc/arm-none-eabi/12.3.1/thumb/v7e-m+fp/hard\libc.a(libc_a-strlen.o)
 .ARM.attributes
                0x0000061c       0x34 c:/program files (x86)/arm gnu toolchain arm-none-eabi/12.3 rel1/bin/../lib/gcc/arm-none-eabi/12.3.1/thumb/v7e-m+fp/hard\libc.a(libm_a-s_frexp.o)
 .ARM.attributes
                0x00000650       0x34 c:/program files (x86)/arm gnu toolchain arm-none-eabi/12.3 rel1/bin/../lib/gcc/arm-none-eabi/12.3.1/thumb/v7e-m+fp/hard\libc.a(libc_a-dtoa.o)
 .ARM.attributes
                0x00000684       0x34 c:/program files (x86)/arm gnu toolchain arm-none-eabi/12.3 rel1/bin/../lib/gcc/arm-none-eabi/12.3.1/thumb/v7e-m+fp/hard\libc.a(libc_a-freer.o)
 .ARM.attributes
                0x000006b8       0x34 c:/program files (x86)/arm gnu toolchain arm-none-eabi/12.3 rel1/bin/../lib/gcc/arm-none-eabi/12.3.1/thumb/v7e-m+fp/hard\libc.a(libc_a-mallocr.o)
 .ARM.attributes
                0x000006ec       0x34 c:/program files (x86)/arm gnu toolchain arm-none-eabi/12.3 rel1/bin/../lib/gcc/arm-none-eabi/12.3.1/thumb/v7e-m+fp/hard\libc.a(libc_a-mbtowc_r.o)
 .ARM.attributes
                0x00000720       0x34 c:/program files (x86)/arm gnu toolchain arm-none-eabi/12.3 rel1/bin/../lib/gcc/arm-none-eabi/12.3.1/thumb/v7e-m+fp/hard\libc.a(libc_a-mlock.o)
 .ARM.attributes
                0x00000754       0x34 c:/program files (x86)/arm gnu toolchain arm-none-eabi/12.3 rel1/bin/../lib/gcc/arm-none-eabi/12.3.1/thumb/v7e-m+fp/hard\libc.a(libc_a-mprec.o)
 .ARM.attributes
                0x00000788       0x34 c:/program files (x86)/arm gnu toolchain arm-none-eabi/12.3 rel1/bin/../lib/gcc/arm-none-eabi/12.3.1/thumb/v7e-m+fp/hard\libc.a(libc_a-wctomb_r.o)
 .ARM.attributes
                0x000007bc       0x34 c:/program files (x86)/arm gnu toolchain arm-none-eabi/12.3 rel1/bin/../lib/gcc/arm-none-eabi/12.3.1/thumb/v7e-m+fp/hard\libc.a(libc_a-wcrtomb.o)
 .ARM.attributes
                0x000007f0       0x34 c:/program files (x86)/arm gnu toolchain arm-none-eabi/12.3 rel1/bin/../lib/gcc/arm-none-eabi/12.3.1/thumb/v7e-m+fp/hard\libc.a(libc_a-wcsrtombs.o)
 .ARM.attributes
                0x00000824       0x34 c:/program files (x86)/arm gnu toolchain arm-none-eabi/12.3 rel1/bin/../lib/gcc/arm-none-eabi/12.3.1/thumb/v7e-m+fp/hard\libc.a(libc_a-ctype_.o)
 .ARM.attributes
                0x00000858       0x34 c:/program files (x86)/arm gnu toolchain arm-none-eabi/12.3 rel1/bin/../lib/gcc/arm-none-eabi/12.3.1/thumb/v7e-m+fp/hard\libc.a(libc_a-svfiprintf.o)
 .ARM.attributes
                0x0000088c       0x34 c:/program files (x86)/arm gnu toolchain arm-none-eabi/12.3 rel1/bin/../lib/gcc/arm-none-eabi/12.3.1/thumb/v7e-m+fp/hard\libc.a(libc_a-fclose.o)
 .ARM.attributes
                0x000008c0       0x34 c:/program files (x86)/arm gnu toolchain arm-none-eabi/12.3 rel1/bin/../lib/gcc/arm-none-eabi/12.3.1/thumb/v7e-m+fp/hard\libc.a(libc_a-fflush.o)
 .ARM.attributes
                0x000008f4       0x34 c:/program files (x86)/arm gnu toolchain arm-none-eabi/12.3 rel1/bin/../lib/gcc/arm-none-eabi/12.3.1/thumb/v7e-m+fp/hard\libc.a(libc_a-memmove.o)
 .ARM.attributes
                0x00000928       0x34 c:/program files (x86)/arm gnu toolchain arm-none-eabi/12.3 rel1/bin/../lib/gcc/arm-none-eabi/12.3.1/thumb/v7e-m+fp/hard\libc.a(libc_a-sbrkr.o)
 .ARM.attributes
                0x0000095c       0x34 c:/program files (x86)/arm gnu toolchain arm-none-eabi/12.3 rel1/bin/../lib/gcc/arm-none-eabi/12.3.1/thumb/v7e-m+fp/hard\libc.a(libc_a-errno.o)
 .ARM.attributes
                0x00000990       0x34 c:/program files (x86)/arm gnu toolchain arm-none-eabi/12.3 rel1/bin/../lib/gcc/arm-none-eabi/12.3.1/thumb/v7e-m+fp/hard\libc.a(libc_a-sysconf.o)
 .ARM.attributes
                0x000009c4       0x20 c:/program files (x86)/arm gnu toolchain arm-none-eabi/12.3 rel1/bin/../lib/gcc/arm-none-eabi/12.3.1/thumb/v7e-m+fp/hard\libc.a(libc_a-memcpy.o)
 .ARM.attributes
                0x000009e4       0x34 c:/program files (x86)/arm gnu toolchain arm-none-eabi/12.3 rel1/bin/../lib/gcc/arm-none-eabi/12.3.1/thumb/v7e-m+fp/hard\libc.a(libc_a-assert.o)
 .ARM.attributes
                0x00000a18       0x34 c:/program files (x86)/arm gnu toolchain arm-none-eabi/12.3 rel1/bin/../lib/gcc/arm-none-eabi/12.3.1/thumb/v7e-m+fp/hard\libc.a(libc_a-callocr.o)
 .ARM.attributes
                0x00000a4c       0x34 c:/program files (x86)/arm gnu toolchain arm-none-eabi/12.3 rel1/bin/../lib/gcc/arm-none-eabi/12.3.1/thumb/v7e-m+fp/hard\libc.a(libc_a-reallocr.o)
 .ARM.attributes
                0x00000a80       0x34 c:/program files (x86)/arm gnu toolchain arm-none-eabi/12.3 rel1/bin/../lib/gcc/arm-none-eabi/12.3.1/thumb/v7e-m+fp/hard\libc.a(libc_a-wcsnrtombs.o)
 .ARM.attributes
                0x00000ab4       0x34 c:/program files (x86)/arm gnu toolchain arm-none-eabi/12.3 rel1/bin/../lib/gcc/arm-none-eabi/12.3.1/thumb/v7e-m+fp/hard\libc.a(libc_a-fiprintf.o)
 .ARM.attributes
                0x00000ae8       0x34 c:/program files (x86)/arm gnu toolchain arm-none-eabi/12.3 rel1/bin/../lib/gcc/arm-none-eabi/12.3.1/thumb/v7e-m+fp/hard\libc.a(libc_a-vfiprintf.o)
 .ARM.attributes
                0x00000b1c       0x34 c:/program files (x86)/arm gnu toolchain arm-none-eabi/12.3 rel1/bin/../lib/gcc/arm-none-eabi/12.3.1/thumb/v7e-m+fp/hard\libc.a(libc_a-fvwrite.o)
 .ARM.attributes
                0x00000b50       0x34 c:/program files (x86)/arm gnu toolchain arm-none-eabi/12.3 rel1/bin/../lib/gcc/arm-none-eabi/12.3.1/thumb/v7e-m+fp/hard\libc.a(libc_a-wsetup.o)
 .ARM.attributes
                0x00000b84       0x34 c:/program files (x86)/arm gnu toolchain arm-none-eabi/12.3 rel1/bin/../lib/gcc/arm-none-eabi/12.3.1/thumb/v7e-m+fp/hard\libc.a(libc_a-fputwc.o)
 .ARM.attributes
                0x00000bb8       0x34 c:/program files (x86)/arm gnu toolchain arm-none-eabi/12.3 rel1/bin/../lib/gcc/arm-none-eabi/12.3.1/thumb/v7e-m+fp/hard\libc.a(libc_a-abort.o)
 .ARM.attributes
                0x00000bec       0x34 c:/program files (x86)/arm gnu toolchain arm-none-eabi/12.3 rel1/bin/../lib/gcc/arm-none-eabi/12.3.1/thumb/v7e-m+fp/hard\libc.a(libc_a-makebuf.o)
 .ARM.attributes
                0x00000c20       0x34 c:/program files (x86)/arm gnu toolchain arm-none-eabi/12.3 rel1/bin/../lib/gcc/arm-none-eabi/12.3.1/thumb/v7e-m+fp/hard\libc.a(libc_a-wbuf.o)
 .ARM.attributes
                0x00000c54       0x34 c:/program files (x86)/arm gnu toolchain arm-none-eabi/12.3 rel1/bin/../lib/gcc/arm-none-eabi/12.3.1/thumb/v7e-m+fp/hard\libc.a(libc_a-signal.o)
 .ARM.attributes
                0x00000c88       0x34 c:/program files (x86)/arm gnu toolchain arm-none-eabi/12.3 rel1/bin/../lib/gcc/arm-none-eabi/12.3.1/thumb/v7e-m+fp/hard\libc.a(libc_a-fstatr.o)
 .ARM.attributes
                0x00000cbc       0x34 c:/program files (x86)/arm gnu toolchain arm-none-eabi/12.3 rel1/bin/../lib/gcc/arm-none-eabi/12.3.1/thumb/v7e-m+fp/hard\libc.a(libc_a-isattyr.o)
 .ARM.attributes
                0x00000cf0       0x34 c:/program files (x86)/arm gnu toolchain arm-none-eabi/12.3 rel1/bin/../lib/gcc/arm-none-eabi/12.3.1/thumb/v7e-m+fp/hard\libc.a(libc_a-signalr.o)
 .ARM.attributes
                0x00000d24       0x22 c:/program files (x86)/arm gnu toolchain arm-none-eabi/12.3 rel1/bin/../lib/gcc/arm-none-eabi/12.3.1/thumb/v7e-m+fp/hard\libgcc.a(_arm_addsubdf3.o)
 .ARM.attributes
                0x00000d46       0x22 c:/program files (x86)/arm gnu toolchain arm-none-eabi/12.3 rel1/bin/../lib/gcc/arm-none-eabi/12.3.1/thumb/v7e-m+fp/hard\libgcc.a(_arm_muldivdf3.o)
 .ARM.attributes
                0x00000d68       0x22 c:/program files (x86)/arm gnu toolchain arm-none-eabi/12.3 rel1/bin/../lib/gcc/arm-none-eabi/12.3.1/thumb/v7e-m+fp/hard\libgcc.a(_arm_cmpdf2.o)
 .ARM.attributes
                0x00000d8a       0x22 c:/program files (x86)/arm gnu toolchain arm-none-eabi/12.3 rel1/bin/../lib/gcc/arm-none-eabi/12.3.1/thumb/v7e-m+fp/hard\libgcc.a(_arm_unorddf2.o)
 .ARM.attributes
                0x00000dac       0x22 c:/program files (x86)/arm gnu toolchain arm-none-eabi/12.3 rel1/bin/../lib/gcc/arm-none-eabi/12.3.1/thumb/v7e-m+fp/hard\libgcc.a(_arm_fixdfsi.o)
 .ARM.attributes
                0x00000dce       0x22 c:/program files (x86)/arm gnu toolchain arm-none-eabi/12.3 rel1/bin/../lib/gcc/arm-none-eabi/12.3.1/thumb/v7e-m+fp/hard\libgcc.a(_arm_truncdfsf2.o)
 .ARM.attributes